Archive member included because of file (symbol)

c:/program files/atmel/avr tools/avr toolchain/bin/../lib/gcc/avr/4.6.2/avr51\libgcc.a(_udivmodhi4.o)
                              ADC.o (__udivmodhi4)
c:/program files/atmel/avr tools/avr toolchain/bin/../lib/gcc/avr/4.6.2/avr51\libgcc.a(_divmodhi4.o)
                              ADC.o (__divmodhi4)
c:/program files/atmel/avr tools/avr toolchain/bin/../lib/gcc/avr/4.6.2/avr51\libgcc.a(_exit.o)
                              c:/program files/atmel/avr tools/avr toolchain/bin/../lib/gcc/avr/4.6.2/../../../../avr/lib/avr51/crtm128.o (exit)
c:/program files/atmel/avr tools/avr toolchain/bin/../lib/gcc/avr/4.6.2/avr51\libgcc.a(_copy_data.o)
                              ADC.o (__do_copy_data)
c:/program files/atmel/avr tools/avr toolchain/bin/../lib/gcc/avr/4.6.2/avr51\libgcc.a(_clear_bss.o)
                              ADC.o (__do_clear_bss)
c:/program files/atmel/avr tools/avr toolchain/bin/../lib/gcc/avr/4.6.2/avr51\libgcc.a(_mul_sf.o)
                              ADC.o (__mulsf3)
c:/program files/atmel/avr tools/avr toolchain/bin/../lib/gcc/avr/4.6.2/avr51\libgcc.a(_div_sf.o)
                              ADC.o (__divsf3)
c:/program files/atmel/avr tools/avr toolchain/bin/../lib/gcc/avr/4.6.2/avr51\libgcc.a(_si_to_sf.o)
                              ADC.o (__floatsisf)
c:/program files/atmel/avr tools/avr toolchain/bin/../lib/gcc/avr/4.6.2/avr51\libgcc.a(_sf_to_si.o)
                              ADC.o (__fixsfsi)
c:/program files/atmel/avr tools/avr toolchain/bin/../lib/gcc/avr/4.6.2/avr51\libgcc.a(_thenan_sf.o)
                              c:/program files/atmel/avr tools/avr toolchain/bin/../lib/gcc/avr/4.6.2/avr51\libgcc.a(_mul_sf.o) (__thenan_sf)
c:/program files/atmel/avr tools/avr toolchain/bin/../lib/gcc/avr/4.6.2/avr51\libgcc.a(_prologue.o)
                              c:/program files/atmel/avr tools/avr toolchain/bin/../lib/gcc/avr/4.6.2/avr51\libgcc.a(_mul_sf.o) (__prologue_saves__)
c:/program files/atmel/avr tools/avr toolchain/bin/../lib/gcc/avr/4.6.2/avr51\libgcc.a(_epilogue.o)
                              c:/program files/atmel/avr tools/avr toolchain/bin/../lib/gcc/avr/4.6.2/avr51\libgcc.a(_mul_sf.o) (__epilogue_restores__)
c:/program files/atmel/avr tools/avr toolchain/bin/../lib/gcc/avr/4.6.2/avr51\libgcc.a(_clzsi2.o)
                              c:/program files/atmel/avr tools/avr toolchain/bin/../lib/gcc/avr/4.6.2/avr51\libgcc.a(_si_to_sf.o) (__clzsi2)
c:/program files/atmel/avr tools/avr toolchain/bin/../lib/gcc/avr/4.6.2/avr51\libgcc.a(_pack_sf.o)
                              c:/program files/atmel/avr tools/avr toolchain/bin/../lib/gcc/avr/4.6.2/avr51\libgcc.a(_mul_sf.o) (__pack_f)
c:/program files/atmel/avr tools/avr toolchain/bin/../lib/gcc/avr/4.6.2/avr51\libgcc.a(_unpack_sf.o)
                              c:/program files/atmel/avr tools/avr toolchain/bin/../lib/gcc/avr/4.6.2/avr51\libgcc.a(_mul_sf.o) (__unpack_f)
c:/program files/atmel/avr tools/avr toolchain/bin/../lib/gcc/avr/4.6.2/avr51\libgcc.a(_clz.o)
                              c:/program files/atmel/avr tools/avr toolchain/bin/../lib/gcc/avr/4.6.2/avr51\libgcc.a(_clzsi2.o) (__clz_tab)

Memory Configuration

Name             Origin             Length             Attributes
text             0x00000000         0x00020000         xr
data             0x00800100         0x0000ff00         rw !x
eeprom           0x00810000         0x00010000         rw !x
fuse             0x00820000         0x00000400         rw !x
lock             0x00830000         0x00000400         rw !x
signature        0x00840000         0x00000400         rw !x
*default*        0x00000000         0xffffffff

Linker script and memory map

Address of section .data set to 0x800100
LOAD c:/program files/atmel/avr tools/avr toolchain/bin/../lib/gcc/avr/4.6.2/../../../../avr/lib/avr51/crtm128.o
LOAD ADC.o
LOAD c:/program files/atmel/avr tools/avr toolchain/bin/../lib/gcc/avr/4.6.2/avr51\libgcc.a
LOAD c:/program files/atmel/avr tools/avr toolchain/bin/../lib/gcc/avr/4.6.2/../../../../avr/lib/avr51\libc.a
LOAD c:/program files/atmel/avr tools/avr toolchain/bin/../lib/gcc/avr/4.6.2/avr51\libgcc.a

.hash
 *(.hash)

.dynsym
 *(.dynsym)

.dynstr
 *(.dynstr)

.gnu.version
 *(.gnu.version)

.gnu.version_d
 *(.gnu.version_d)

.gnu.version_r
 *(.gnu.version_r)

.rel.init
 *(.rel.init)

.rela.init
 *(.rela.init)

.rel.text
 *(.rel.text)
 *(.rel.text.*)
 *(.rel.gnu.linkonce.t*)

.rela.text
 *(.rela.text)
 *(.rela.text.*)
 *(.rela.gnu.linkonce.t*)

.rel.fini
 *(.rel.fini)

.rela.fini
 *(.rela.fini)

.rel.rodata
 *(.rel.rodata)
 *(.rel.rodata.*)
 *(.rel.gnu.linkonce.r*)

.rela.rodata
 *(.rela.rodata)
 *(.rela.rodata.*)
 *(.rela.gnu.linkonce.r*)

.rel.data
 *(.rel.data)
 *(.rel.data.*)
 *(.rel.gnu.linkonce.d*)

.rela.data
 *(.rela.data)
 *(.rela.data.*)
 *(.rela.gnu.linkonce.d*)

.rel.ctors
 *(.rel.ctors)

.rela.ctors
 *(.rela.ctors)

.rel.dtors
 *(.rel.dtors)

.rela.dtors
 *(.rela.dtors)

.rel.got
 *(.rel.got)

.rela.got
 *(.rela.got)

.rel.bss
 *(.rel.bss)

.rela.bss
 *(.rela.bss)

.rel.plt
 *(.rel.plt)

.rela.plt
 *(.rela.plt)

.text           0x00000000      0xc1a
 *(.vectors)
 .vectors       0x00000000       0x8c c:/program files/atmel/avr tools/avr toolchain/bin/../lib/gcc/avr/4.6.2/../../../../avr/lib/avr51/crtm128.o
                0x00000000                __vector_default
                0x00000000                __vectors
 *(.vectors)
 *(.progmem.gcc*)
 *(.progmem*)
                0x0000008c                . = ALIGN (0x2)
                0x0000008c                __trampolines_start = .
 *(.trampolines)
 .trampolines   0x0000008c        0x0 linker stubs
 *(.trampolines*)
                0x0000008c                __trampolines_end = .
 *(.jumptables)
 *(.jumptables*)
 *(.lowtext)
 *(.lowtext*)
                0x0000008c                __ctors_start = .
 *(.ctors)
                0x0000008c                __ctors_end = .
                0x0000008c                __dtors_start = .
 *(.dtors)
                0x0000008c                __dtors_end = .
 SORT(*)(.ctors)
 SORT(*)(.dtors)
 *(.init0)
 .init0         0x0000008c        0x0 c:/program files/atmel/avr tools/avr toolchain/bin/../lib/gcc/avr/4.6.2/../../../../avr/lib/avr51/crtm128.o
                0x0000008c                __init
 *(.init0)
 *(.init1)
 *(.init1)
 *(.init2)
 .init2         0x0000008c        0xc c:/program files/atmel/avr tools/avr toolchain/bin/../lib/gcc/avr/4.6.2/../../../../avr/lib/avr51/crtm128.o
 *(.init2)
 *(.init3)
 *(.init3)
 *(.init4)
 .init4         0x00000098       0x1c c:/program files/atmel/avr tools/avr toolchain/bin/../lib/gcc/avr/4.6.2/avr51\libgcc.a(_copy_data.o)
                0x00000098                __do_copy_data
 .init4         0x000000b4       0x10 c:/program files/atmel/avr tools/avr toolchain/bin/../lib/gcc/avr/4.6.2/avr51\libgcc.a(_clear_bss.o)
                0x000000b4                __do_clear_bss
 *(.init4)
 *(.init5)
 *(.init5)
 *(.init6)
 *(.init6)
 *(.init7)
 *(.init7)
 *(.init8)
 *(.init8)
 *(.init9)
 .init9         0x000000c4        0x8 c:/program files/atmel/avr tools/avr toolchain/bin/../lib/gcc/avr/4.6.2/../../../../avr/lib/avr51/crtm128.o
 *(.init9)
 *(.text)
 .text          0x000000cc        0x4 c:/program files/atmel/avr tools/avr toolchain/bin/../lib/gcc/avr/4.6.2/../../../../avr/lib/avr51/crtm128.o
                0x000000cc                __vector_22
                0x000000cc                __vector_28
                0x000000cc                __vector_1
                0x000000cc                __vector_32
                0x000000cc                __vector_34
                0x000000cc                __vector_24
                0x000000cc                __vector_12
                0x000000cc                __bad_interrupt
                0x000000cc                __vector_6
                0x000000cc                __vector_31
                0x000000cc                __vector_3
                0x000000cc                __vector_23
                0x000000cc                __vector_30
                0x000000cc                __vector_25
                0x000000cc                __vector_11
                0x000000cc                __vector_13
                0x000000cc                __vector_17
                0x000000cc                __vector_19
                0x000000cc                __vector_7
                0x000000cc                __vector_27
                0x000000cc                __vector_5
                0x000000cc                __vector_33
                0x000000cc                __vector_4
                0x000000cc                __vector_9
                0x000000cc                __vector_2
                0x000000cc                __vector_21
                0x000000cc                __vector_15
                0x000000cc                __vector_29
                0x000000cc                __vector_8
                0x000000cc                __vector_26
                0x000000cc                __vector_14
                0x000000cc                __vector_10
                0x000000cc                __vector_16
                0x000000cc                __vector_18
                0x000000cc                __vector_20
 .text          0x000000d0      0x198 ADC.o
                0x000000d0                lcdReadCommand
                0x000000f2                lcdWriteCommand
                0x00000122                lcdReadData
                0x00000144                lcdWriteData
                0x00000174                lcdInit
                0x000001d4                lcdString
                0x000001ec                lcdGotoXY
                0x000001fe                lcdNumber
 .text          0x00000268        0x0 c:/program files/atmel/avr tools/avr toolchain/bin/../lib/gcc/avr/4.6.2/avr51\libgcc.a(_udivmodhi4.o)
 .text          0x00000268        0x0 c:/program files/atmel/avr tools/avr toolchain/bin/../lib/gcc/avr/4.6.2/avr51\libgcc.a(_divmodhi4.o)
 .text          0x00000268        0x0 c:/program files/atmel/avr tools/avr toolchain/bin/../lib/gcc/avr/4.6.2/avr51\libgcc.a(_exit.o)
 .text          0x00000268        0x0 c:/program files/atmel/avr tools/avr toolchain/bin/../lib/gcc/avr/4.6.2/avr51\libgcc.a(_copy_data.o)
 .text          0x00000268        0x0 c:/program files/atmel/avr tools/avr toolchain/bin/../lib/gcc/avr/4.6.2/avr51\libgcc.a(_clear_bss.o)
 .text          0x00000268      0x202 c:/program files/atmel/avr tools/avr toolchain/bin/../lib/gcc/avr/4.6.2/avr51\libgcc.a(_mul_sf.o)
                0x00000268                __mulsf3
 .text          0x0000046a      0x156 c:/program files/atmel/avr tools/avr toolchain/bin/../lib/gcc/avr/4.6.2/avr51\libgcc.a(_div_sf.o)
                0x0000046a                __divsf3
 .text          0x000005c0       0xee c:/program files/atmel/avr tools/avr toolchain/bin/../lib/gcc/avr/4.6.2/avr51\libgcc.a(_si_to_sf.o)
                0x000005c0                __floatsisf
 .text          0x000006ae       0xa2 c:/program files/atmel/avr tools/avr toolchain/bin/../lib/gcc/avr/4.6.2/avr51\libgcc.a(_sf_to_si.o)
                0x000006ae                __fixsfsi
 .text          0x00000750        0x0 c:/program files/atmel/avr tools/avr toolchain/bin/../lib/gcc/avr/4.6.2/avr51\libgcc.a(_thenan_sf.o)
 .text          0x00000750        0x0 c:/program files/atmel/avr tools/avr toolchain/bin/../lib/gcc/avr/4.6.2/avr51\libgcc.a(_prologue.o)
 .text          0x00000750        0x0 c:/program files/atmel/avr tools/avr toolchain/bin/../lib/gcc/avr/4.6.2/avr51\libgcc.a(_epilogue.o)
 .text          0x00000750       0xa6 c:/program files/atmel/avr tools/avr toolchain/bin/../lib/gcc/avr/4.6.2/avr51\libgcc.a(_clzsi2.o)
                0x00000750                __clzsi2
 .text          0x000007f6      0x1ae c:/program files/atmel/avr tools/avr toolchain/bin/../lib/gcc/avr/4.6.2/avr51\libgcc.a(_pack_sf.o)
                0x000007f6                __pack_f
 .text          0x000009a4       0xd2 c:/program files/atmel/avr tools/avr toolchain/bin/../lib/gcc/avr/4.6.2/avr51\libgcc.a(_unpack_sf.o)
                0x000009a4                __unpack_f
 .text          0x00000a76        0x0 c:/program files/atmel/avr tools/avr toolchain/bin/../lib/gcc/avr/4.6.2/avr51\libgcc.a(_clz.o)
                0x00000a76                . = ALIGN (0x2)
 *(.text.*)
 .text.startup  0x00000a76       0xe4 ADC.o
                0x00000a76                main
 .text.libgcc   0x00000b5a       0x28 c:/program files/atmel/avr tools/avr toolchain/bin/../lib/gcc/avr/4.6.2/avr51\libgcc.a(_udivmodhi4.o)
                0x00000b5a                __udivmodhi4
 .text.libgcc   0x00000b82       0x26 c:/program files/atmel/avr tools/avr toolchain/bin/../lib/gcc/avr/4.6.2/avr51\libgcc.a(_divmodhi4.o)
                0x00000b82                _div
                0x00000b82                __divmodhi4
 .text.libgcc   0x00000ba8        0x0 c:/program files/atmel/avr tools/avr toolchain/bin/../lib/gcc/avr/4.6.2/avr51\libgcc.a(_exit.o)
 .text.libgcc   0x00000ba8        0x0 c:/program files/atmel/avr tools/avr toolchain/bin/../lib/gcc/avr/4.6.2/avr51\libgcc.a(_copy_data.o)
 .text.libgcc   0x00000ba8        0x0 c:/program files/atmel/avr tools/avr toolchain/bin/../lib/gcc/avr/4.6.2/avr51\libgcc.a(_clear_bss.o)
 .text.libgcc   0x00000ba8       0x38 c:/program files/atmel/avr tools/avr toolchain/bin/../lib/gcc/avr/4.6.2/avr51\libgcc.a(_prologue.o)
                0x00000ba8                __prologue_saves__
 .text.libgcc   0x00000be0       0x36 c:/program files/atmel/avr tools/avr toolchain/bin/../lib/gcc/avr/4.6.2/avr51\libgcc.a(_epilogue.o)
                0x00000be0                __epilogue_restores__
                0x00000c16                . = ALIGN (0x2)
 *(.fini9)
 .fini9         0x00000c16        0x0 c:/program files/atmel/avr tools/avr toolchain/bin/../lib/gcc/avr/4.6.2/avr51\libgcc.a(_exit.o)
                0x00000c16                _exit
                0x00000c16                exit
 *(.fini9)
 *(.fini8)
 *(.fini8)
 *(.fini7)
 *(.fini7)
 *(.fini6)
 *(.fini6)
 *(.fini5)
 *(.fini5)
 *(.fini4)
 *(.fini4)
 *(.fini3)
 *(.fini3)
 *(.fini2)
 *(.fini2)
 *(.fini1)
 *(.fini1)
 *(.fini0)
 .fini0         0x00000c16        0x4 c:/program files/atmel/avr tools/avr toolchain/bin/../lib/gcc/avr/4.6.2/avr51\libgcc.a(_exit.o)
 *(.fini0)
                0x00000c1a                _etext = .

.data           0x00800100      0x116 load address 0x00000c1a
                0x00800100                PROVIDE (__data_start, .)
 *(.data)
 .data          0x00800100        0x0 c:/program files/atmel/avr tools/avr toolchain/bin/../lib/gcc/avr/4.6.2/../../../../avr/lib/avr51/crtm128.o
 .data          0x00800100        0xe ADC.o
 .data          0x0080010e        0x0 c:/program files/atmel/avr tools/avr toolchain/bin/../lib/gcc/avr/4.6.2/avr51\libgcc.a(_udivmodhi4.o)
 .data          0x0080010e        0x0 c:/program files/atmel/avr tools/avr toolchain/bin/../lib/gcc/avr/4.6.2/avr51\libgcc.a(_divmodhi4.o)
 .data          0x0080010e        0x0 c:/program files/atmel/avr tools/avr toolchain/bin/../lib/gcc/avr/4.6.2/avr51\libgcc.a(_exit.o)
 .data          0x0080010e        0x0 c:/program files/atmel/avr tools/avr toolchain/bin/../lib/gcc/avr/4.6.2/avr51\libgcc.a(_copy_data.o)
 .data          0x0080010e        0x0 c:/program files/atmel/avr tools/avr toolchain/bin/../lib/gcc/avr/4.6.2/avr51\libgcc.a(_clear_bss.o)
 .data          0x0080010e        0x0 c:/program files/atmel/avr tools/avr toolchain/bin/../lib/gcc/avr/4.6.2/avr51\libgcc.a(_mul_sf.o)
 .data          0x0080010e        0x0 c:/program files/atmel/avr tools/avr toolchain/bin/../lib/gcc/avr/4.6.2/avr51\libgcc.a(_div_sf.o)
 .data          0x0080010e        0x0 c:/program files/atmel/avr tools/avr toolchain/bin/../lib/gcc/avr/4.6.2/avr51\libgcc.a(_si_to_sf.o)
 .data          0x0080010e        0x0 c:/program files/atmel/avr tools/avr toolchain/bin/../lib/gcc/avr/4.6.2/avr51\libgcc.a(_sf_to_si.o)
 .data          0x0080010e        0x8 c:/program files/atmel/avr tools/avr toolchain/bin/../lib/gcc/avr/4.6.2/avr51\libgcc.a(_thenan_sf.o)
                0x0080010e                __thenan_sf
 .data          0x00800116        0x0 c:/program files/atmel/avr tools/avr toolchain/bin/../lib/gcc/avr/4.6.2/avr51\libgcc.a(_prologue.o)
 .data          0x00800116        0x0 c:/program files/atmel/avr tools/avr toolchain/bin/../lib/gcc/avr/4.6.2/avr51\libgcc.a(_epilogue.o)
 .data          0x00800116        0x0 c:/program files/atmel/avr tools/avr toolchain/bin/../lib/gcc/avr/4.6.2/avr51\libgcc.a(_clzsi2.o)
 .data          0x00800116        0x0 c:/program files/atmel/avr tools/avr toolchain/bin/../lib/gcc/avr/4.6.2/avr51\libgcc.a(_pack_sf.o)
 .data          0x00800116        0x0 c:/program files/atmel/avr tools/avr toolchain/bin/../lib/gcc/avr/4.6.2/avr51\libgcc.a(_unpack_sf.o)
 .data          0x00800116      0x100 c:/program files/atmel/avr tools/avr toolchain/bin/../lib/gcc/avr/4.6.2/avr51\libgcc.a(_clz.o)
                0x00800116                __clz_tab
 *(.data*)
 *(.rodata)
 *(.rodata*)
 *(.gnu.linkonce.d*)
                0x00800216                . = ALIGN (0x2)
                0x00800216                _edata = .
                0x00800216                PROVIDE (__data_end, .)

.bss            0x00800216        0x0
                0x00800216                PROVIDE (__bss_start, .)
 *(.bss)
 .bss           0x00800216        0x0 c:/program files/atmel/avr tools/avr toolchain/bin/../lib/gcc/avr/4.6.2/../../../../avr/lib/avr51/crtm128.o
 .bss           0x00800216        0x0 ADC.o
 .bss           0x00800216        0x0 c:/program files/atmel/avr tools/avr toolchain/bin/../lib/gcc/avr/4.6.2/avr51\libgcc.a(_udivmodhi4.o)
 .bss           0x00800216        0x0 c:/program files/atmel/avr tools/avr toolchain/bin/../lib/gcc/avr/4.6.2/avr51\libgcc.a(_divmodhi4.o)
 .bss           0x00800216        0x0 c:/program files/atmel/avr tools/avr toolchain/bin/../lib/gcc/avr/4.6.2/avr51\libgcc.a(_exit.o)
 .bss           0x00800216        0x0 c:/program files/atmel/avr tools/avr toolchain/bin/../lib/gcc/avr/4.6.2/avr51\libgcc.a(_copy_data.o)
 .bss           0x00800216        0x0 c:/program files/atmel/avr tools/avr toolchain/bin/../lib/gcc/avr/4.6.2/avr51\libgcc.a(_clear_bss.o)
 .bss           0x00800216        0x0 c:/program files/atmel/avr tools/avr toolchain/bin/../lib/gcc/avr/4.6.2/avr51\libgcc.a(_mul_sf.o)
 .bss           0x00800216        0x0 c:/program files/atmel/avr tools/avr toolchain/bin/../lib/gcc/avr/4.6.2/avr51\libgcc.a(_div_sf.o)
 .bss           0x00800216        0x0 c:/program files/atmel/avr tools/avr toolchain/bin/../lib/gcc/avr/4.6.2/avr51\libgcc.a(_si_to_sf.o)
 .bss           0x00800216        0x0 c:/program files/atmel/avr tools/avr toolchain/bin/../lib/gcc/avr/4.6.2/avr51\libgcc.a(_sf_to_si.o)
 .bss           0x00800216        0x0 c:/program files/atmel/avr tools/avr toolchain/bin/../lib/gcc/avr/4.6.2/avr51\libgcc.a(_thenan_sf.o)
 .bss           0x00800216        0x0 c:/program files/atmel/avr tools/avr toolchain/bin/../lib/gcc/avr/4.6.2/avr51\libgcc.a(_prologue.o)
 .bss           0x00800216        0x0 c:/program files/atmel/avr tools/avr toolchain/bin/../lib/gcc/avr/4.6.2/avr51\libgcc.a(_epilogue.o)
 .bss           0x00800216        0x0 c:/program files/atmel/avr tools/avr toolchain/bin/../lib/gcc/avr/4.6.2/avr51\libgcc.a(_clzsi2.o)
 .bss           0x00800216        0x0 c:/program files/atmel/avr tools/avr toolchain/bin/../lib/gcc/avr/4.6.2/avr51\libgcc.a(_pack_sf.o)
 .bss           0x00800216        0x0 c:/program files/atmel/avr tools/avr toolchain/bin/../lib/gcc/avr/4.6.2/avr51\libgcc.a(_unpack_sf.o)
 .bss           0x00800216        0x0 c:/program files/atmel/avr tools/avr toolchain/bin/../lib/gcc/avr/4.6.2/avr51\libgcc.a(_clz.o)
 *(.bss*)
 *(COMMON)
                0x00800216                PROVIDE (__bss_end, .)
                0x00000c1a                __data_load_start = LOADADDR (.data)
                0x00000d30                __data_load_end = (__data_load_start + SIZEOF (.data))

.noinit         0x00800216        0x0
                0x00800216                PROVIDE (__noinit_start, .)
 *(.noinit*)
                0x00800216                PROVIDE (__noinit_end, .)
                0x00800216                _end = .
                0x00800216                PROVIDE (__heap_start, .)

.eeprom         0x00810000        0x0
 *(.eeprom*)
                0x00810000                __eeprom_end = .

.fuse
 *(.fuse)
 *(.lfuse)
 *(.hfuse)
 *(.efuse)

.lock
 *(.lock*)

.signature
 *(.signature*)

.stab           0x00000000      0x6cc
 *(.stab)
 .stab          0x00000000      0x6cc c:/program files/atmel/avr tools/avr toolchain/bin/../lib/gcc/avr/4.6.2/../../../../avr/lib/avr51/crtm128.o

.stabstr        0x00000000       0x85
 *(.stabstr)
 .stabstr       0x00000000       0x85 c:/program files/atmel/avr tools/avr toolchain/bin/../lib/gcc/avr/4.6.2/../../../../avr/lib/avr51/crtm128.o

.stab.excl
 *(.stab.excl)

.stab.exclstr
 *(.stab.exclstr)

.stab.index
 *(.stab.index)

.stab.indexstr
 *(.stab.indexstr)

.comment
 *(.comment)

.debug
 *(.debug)

.line
 *(.line)

.debug_srcinfo
 *(.debug_srcinfo)

.debug_sfnames
 *(.debug_sfnames)

.debug_aranges  0x00000000      0x1e8
 *(.debug_aranges)
 .debug_aranges
                0x00000000       0x28 ADC.o
 .debug_aranges
                0x00000028       0x20 c:/program files/atmel/avr tools/avr toolchain/bin/../lib/gcc/avr/4.6.2/avr51\libgcc.a(_udivmodhi4.o)
 .debug_aranges
                0x00000048       0x20 c:/program files/atmel/avr tools/avr toolchain/bin/../lib/gcc/avr/4.6.2/avr51\libgcc.a(_divmodhi4.o)
 .debug_aranges
                0x00000068       0x20 c:/program files/atmel/avr tools/avr toolchain/bin/../lib/gcc/avr/4.6.2/avr51\libgcc.a(_exit.o)
 .debug_aranges
                0x00000088       0x20 c:/program files/atmel/avr tools/avr toolchain/bin/../lib/gcc/avr/4.6.2/avr51\libgcc.a(_copy_data.o)
 .debug_aranges
                0x000000a8       0x20 c:/program files/atmel/avr tools/avr toolchain/bin/../lib/gcc/avr/4.6.2/avr51\libgcc.a(_clear_bss.o)
 .debug_aranges
                0x000000c8       0x20 c:/program files/atmel/avr tools/avr toolchain/bin/../lib/gcc/avr/4.6.2/avr51\libgcc.a(_mul_sf.o)
 .debug_aranges
                0x000000e8       0x20 c:/program files/atmel/avr tools/avr toolchain/bin/../lib/gcc/avr/4.6.2/avr51\libgcc.a(_div_sf.o)
 .debug_aranges
                0x00000108       0x20 c:/program files/atmel/avr tools/avr toolchain/bin/../lib/gcc/avr/4.6.2/avr51\libgcc.a(_si_to_sf.o)
 .debug_aranges
                0x00000128       0x20 c:/program files/atmel/avr tools/avr toolchain/bin/../lib/gcc/avr/4.6.2/avr51\libgcc.a(_sf_to_si.o)
 .debug_aranges
                0x00000148       0x20 c:/program files/atmel/avr tools/avr toolchain/bin/../lib/gcc/avr/4.6.2/avr51\libgcc.a(_prologue.o)
 .debug_aranges
                0x00000168       0x20 c:/program files/atmel/avr tools/avr toolchain/bin/../lib/gcc/avr/4.6.2/avr51\libgcc.a(_epilogue.o)
 .debug_aranges
                0x00000188       0x20 c:/program files/atmel/avr tools/avr toolchain/bin/../lib/gcc/avr/4.6.2/avr51\libgcc.a(_clzsi2.o)
 .debug_aranges
                0x000001a8       0x20 c:/program files/atmel/avr tools/avr toolchain/bin/../lib/gcc/avr/4.6.2/avr51\libgcc.a(_pack_sf.o)
 .debug_aranges
                0x000001c8       0x20 c:/program files/atmel/avr tools/avr toolchain/bin/../lib/gcc/avr/4.6.2/avr51\libgcc.a(_unpack_sf.o)

.debug_pubnames
 *(.debug_pubnames)

.debug_info     0x00000000     0x1e60
 *(.debug_info)
 .debug_info    0x00000000      0x39e ADC.o
 .debug_info    0x0000039e       0xde c:/program files/atmel/avr tools/avr toolchain/bin/../lib/gcc/avr/4.6.2/avr51\libgcc.a(_udivmodhi4.o)
 .debug_info    0x0000047c       0xde c:/program files/atmel/avr tools/avr toolchain/bin/../lib/gcc/avr/4.6.2/avr51\libgcc.a(_divmodhi4.o)
 .debug_info    0x0000055a       0xde c:/program files/atmel/avr tools/avr toolchain/bin/../lib/gcc/avr/4.6.2/avr51\libgcc.a(_exit.o)
 .debug_info    0x00000638       0xde c:/program files/atmel/avr tools/avr toolchain/bin/../lib/gcc/avr/4.6.2/avr51\libgcc.a(_copy_data.o)
 .debug_info    0x00000716       0xde c:/program files/atmel/avr tools/avr toolchain/bin/../lib/gcc/avr/4.6.2/avr51\libgcc.a(_clear_bss.o)
 .debug_info    0x000007f4      0x3f8 c:/program files/atmel/avr tools/avr toolchain/bin/../lib/gcc/avr/4.6.2/avr51\libgcc.a(_mul_sf.o)
 .debug_info    0x00000bec      0x37f c:/program files/atmel/avr tools/avr toolchain/bin/../lib/gcc/avr/4.6.2/avr51\libgcc.a(_div_sf.o)
 .debug_info    0x00000f6b      0x22f c:/program files/atmel/avr tools/avr toolchain/bin/../lib/gcc/avr/4.6.2/avr51\libgcc.a(_si_to_sf.o)
 .debug_info    0x0000119a      0x2a5 c:/program files/atmel/avr tools/avr toolchain/bin/../lib/gcc/avr/4.6.2/avr51\libgcc.a(_sf_to_si.o)
 .debug_info    0x0000143f      0x15e c:/program files/atmel/avr tools/avr toolchain/bin/../lib/gcc/avr/4.6.2/avr51\libgcc.a(_thenan_sf.o)
 .debug_info    0x0000159d       0xde c:/program files/atmel/avr tools/avr toolchain/bin/../lib/gcc/avr/4.6.2/avr51\libgcc.a(_prologue.o)
 .debug_info    0x0000167b       0xde c:/program files/atmel/avr tools/avr toolchain/bin/../lib/gcc/avr/4.6.2/avr51\libgcc.a(_epilogue.o)
 .debug_info    0x00001759      0x130 c:/program files/atmel/avr tools/avr toolchain/bin/../lib/gcc/avr/4.6.2/avr51\libgcc.a(_clzsi2.o)
 .debug_info    0x00001889      0x2d5 c:/program files/atmel/avr tools/avr toolchain/bin/../lib/gcc/avr/4.6.2/avr51\libgcc.a(_pack_sf.o)
 .debug_info    0x00001b5e      0x25c c:/program files/atmel/avr tools/avr toolchain/bin/../lib/gcc/avr/4.6.2/avr51\libgcc.a(_unpack_sf.o)
 .debug_info    0x00001dba       0xa6 c:/program files/atmel/avr tools/avr toolchain/bin/../lib/gcc/avr/4.6.2/avr51\libgcc.a(_clz.o)
 *(.gnu.linkonce.wi.*)

.debug_abbrev   0x00000000      0xd30
 *(.debug_abbrev)
 .debug_abbrev  0x00000000      0x182 ADC.o
 .debug_abbrev  0x00000182       0x14 c:/program files/atmel/avr tools/avr toolchain/bin/../lib/gcc/avr/4.6.2/avr51\libgcc.a(_udivmodhi4.o)
 .debug_abbrev  0x00000196       0x14 c:/program files/atmel/avr tools/avr toolchain/bin/../lib/gcc/avr/4.6.2/avr51\libgcc.a(_divmodhi4.o)
 .debug_abbrev  0x000001aa       0x14 c:/program files/atmel/avr tools/avr toolchain/bin/../lib/gcc/avr/4.6.2/avr51\libgcc.a(_exit.o)
 .debug_abbrev  0x000001be       0x14 c:/program files/atmel/avr tools/avr toolchain/bin/../lib/gcc/avr/4.6.2/avr51\libgcc.a(_copy_data.o)
 .debug_abbrev  0x000001d2       0x14 c:/program files/atmel/avr tools/avr toolchain/bin/../lib/gcc/avr/4.6.2/avr51\libgcc.a(_clear_bss.o)
 .debug_abbrev  0x000001e6      0x1d2 c:/program files/atmel/avr tools/avr toolchain/bin/../lib/gcc/avr/4.6.2/avr51\libgcc.a(_mul_sf.o)
 .debug_abbrev  0x000003b8      0x1c4 c:/program files/atmel/avr tools/avr toolchain/bin/../lib/gcc/avr/4.6.2/avr51\libgcc.a(_div_sf.o)
 .debug_abbrev  0x0000057c      0x162 c:/program files/atmel/avr tools/avr toolchain/bin/../lib/gcc/avr/4.6.2/avr51\libgcc.a(_si_to_sf.o)
 .debug_abbrev  0x000006de      0x160 c:/program files/atmel/avr tools/avr toolchain/bin/../lib/gcc/avr/4.6.2/avr51\libgcc.a(_sf_to_si.o)
 .debug_abbrev  0x0000083e       0xcb c:/program files/atmel/avr tools/avr toolchain/bin/../lib/gcc/avr/4.6.2/avr51\libgcc.a(_thenan_sf.o)
 .debug_abbrev  0x00000909       0x14 c:/program files/atmel/avr tools/avr toolchain/bin/../lib/gcc/avr/4.6.2/avr51\libgcc.a(_prologue.o)
 .debug_abbrev  0x0000091d       0x14 c:/program files/atmel/avr tools/avr toolchain/bin/../lib/gcc/avr/4.6.2/avr51\libgcc.a(_epilogue.o)
 .debug_abbrev  0x00000931       0xc1 c:/program files/atmel/avr tools/avr toolchain/bin/../lib/gcc/avr/4.6.2/avr51\libgcc.a(_clzsi2.o)
 .debug_abbrev  0x000009f2      0x192 c:/program files/atmel/avr tools/avr toolchain/bin/../lib/gcc/avr/4.6.2/avr51\libgcc.a(_pack_sf.o)
 .debug_abbrev  0x00000b84      0x14b c:/program files/atmel/avr tools/avr toolchain/bin/../lib/gcc/avr/4.6.2/avr51\libgcc.a(_unpack_sf.o)
 .debug_abbrev  0x00000ccf       0x61 c:/program files/atmel/avr tools/avr toolchain/bin/../lib/gcc/avr/4.6.2/avr51\libgcc.a(_clz.o)

.debug_line     0x00000000      0xc9a
 *(.debug_line)
 .debug_line    0x00000000      0x1c1 ADC.o
 .debug_line    0x000001c1       0x9a c:/program files/atmel/avr tools/avr toolchain/bin/../lib/gcc/avr/4.6.2/avr51\libgcc.a(_udivmodhi4.o)
 .debug_line    0x0000025b       0x99 c:/program files/atmel/avr tools/avr toolchain/bin/../lib/gcc/avr/4.6.2/avr51\libgcc.a(_divmodhi4.o)
 .debug_line    0x000002f4       0x88 c:/program files/atmel/avr tools/avr toolchain/bin/../lib/gcc/avr/4.6.2/avr51\libgcc.a(_exit.o)
 .debug_line    0x0000037c       0x96 c:/program files/atmel/avr tools/avr toolchain/bin/../lib/gcc/avr/4.6.2/avr51\libgcc.a(_copy_data.o)
 .debug_line    0x00000412       0x8e c:/program files/atmel/avr tools/avr toolchain/bin/../lib/gcc/avr/4.6.2/avr51\libgcc.a(_clear_bss.o)
 .debug_line    0x000004a0      0x109 c:/program files/atmel/avr tools/avr toolchain/bin/../lib/gcc/avr/4.6.2/avr51\libgcc.a(_mul_sf.o)
 .debug_line    0x000005a9       0xe2 c:/program files/atmel/avr tools/avr toolchain/bin/../lib/gcc/avr/4.6.2/avr51\libgcc.a(_div_sf.o)
 .debug_line    0x0000068b       0xb9 c:/program files/atmel/avr tools/avr toolchain/bin/../lib/gcc/avr/4.6.2/avr51\libgcc.a(_si_to_sf.o)
 .debug_line    0x00000744       0xb2 c:/program files/atmel/avr tools/avr toolchain/bin/../lib/gcc/avr/4.6.2/avr51\libgcc.a(_sf_to_si.o)
 .debug_line    0x000007f6       0x8e c:/program files/atmel/avr tools/avr toolchain/bin/../lib/gcc/avr/4.6.2/avr51\libgcc.a(_thenan_sf.o)
 .debug_line    0x00000884       0xa2 c:/program files/atmel/avr tools/avr toolchain/bin/../lib/gcc/avr/4.6.2/avr51\libgcc.a(_prologue.o)
 .debug_line    0x00000926       0xa1 c:/program files/atmel/avr tools/avr toolchain/bin/../lib/gcc/avr/4.6.2/avr51\libgcc.a(_epilogue.o)
 .debug_line    0x000009c7       0xb2 c:/program files/atmel/avr tools/avr toolchain/bin/../lib/gcc/avr/4.6.2/avr51\libgcc.a(_clzsi2.o)
 .debug_line    0x00000a79       0xe6 c:/program files/atmel/avr tools/avr toolchain/bin/../lib/gcc/avr/4.6.2/avr51\libgcc.a(_pack_sf.o)
 .debug_line    0x00000b5f       0xc1 c:/program files/atmel/avr tools/avr toolchain/bin/../lib/gcc/avr/4.6.2/avr51\libgcc.a(_unpack_sf.o)
 .debug_line    0x00000c20       0x7a c:/program files/atmel/avr tools/avr toolchain/bin/../lib/gcc/avr/4.6.2/avr51\libgcc.a(_clz.o)

.debug_frame    0x00000000      0x274
 *(.debug_frame)
 .debug_frame   0x00000000       0xd0 ADC.o
 .debug_frame   0x000000d0       0x48 c:/program files/atmel/avr tools/avr toolchain/bin/../lib/gcc/avr/4.6.2/avr51\libgcc.a(_mul_sf.o)
 .debug_frame   0x00000118       0x38 c:/program files/atmel/avr tools/avr toolchain/bin/../lib/gcc/avr/4.6.2/avr51\libgcc.a(_div_sf.o)
 .debug_frame   0x00000150       0x48 c:/program files/atmel/avr tools/avr toolchain/bin/../lib/gcc/avr/4.6.2/avr51\libgcc.a(_si_to_sf.o)
 .debug_frame   0x00000198       0x30 c:/program files/atmel/avr tools/avr toolchain/bin/../lib/gcc/avr/4.6.2/avr51\libgcc.a(_sf_to_si.o)
 .debug_frame   0x000001c8       0x44 c:/program files/atmel/avr tools/avr toolchain/bin/../lib/gcc/avr/4.6.2/avr51\libgcc.a(_clzsi2.o)
 .debug_frame   0x0000020c       0x44 c:/program files/atmel/avr tools/avr toolchain/bin/../lib/gcc/avr/4.6.2/avr51\libgcc.a(_pack_sf.o)
 .debug_frame   0x00000250       0x24 c:/program files/atmel/avr tools/avr toolchain/bin/../lib/gcc/avr/4.6.2/avr51\libgcc.a(_unpack_sf.o)

.debug_str      0x00000000      0x3cc
 *(.debug_str)
 .debug_str     0x00000000      0x140 ADC.o
                                0x179 (size before relaxing)
 .debug_str     0x00000140      0x196 c:/program files/atmel/avr tools/avr toolchain/bin/../lib/gcc/avr/4.6.2/avr51\libgcc.a(_mul_sf.o)
                                0x1fd (size before relaxing)
 .debug_str     0x000002d6       0x35 c:/program files/atmel/avr tools/avr toolchain/bin/../lib/gcc/avr/4.6.2/avr51\libgcc.a(_div_sf.o)
                                0x206 (size before relaxing)
 .debug_str     0x0000030b       0x27 c:/program files/atmel/avr tools/avr toolchain/bin/../lib/gcc/avr/4.6.2/avr51\libgcc.a(_si_to_sf.o)
                                0x1ba (size before relaxing)
 .debug_str     0x00000332        0xa c:/program files/atmel/avr tools/avr toolchain/bin/../lib/gcc/avr/4.6.2/avr51\libgcc.a(_sf_to_si.o)
                                0x1d4 (size before relaxing)
 .debug_str     0x00000000      0x176 c:/program files/atmel/avr tools/avr toolchain/bin/../lib/gcc/avr/4.6.2/avr51\libgcc.a(_thenan_sf.o)
 .debug_str     0x0000033c       0x75 c:/program files/atmel/avr tools/avr toolchain/bin/../lib/gcc/avr/4.6.2/avr51\libgcc.a(_clzsi2.o)
                                0x169 (size before relaxing)
 .debug_str     0x000003b1       0x10 c:/program files/atmel/avr tools/avr toolchain/bin/../lib/gcc/avr/4.6.2/avr51\libgcc.a(_pack_sf.o)
                                0x1d3 (size before relaxing)
 .debug_str     0x000003c1        0xb c:/program files/atmel/avr tools/avr toolchain/bin/../lib/gcc/avr/4.6.2/avr51\libgcc.a(_unpack_sf.o)
                                0x1b5 (size before relaxing)
 .debug_str     0x00000000      0x14c c:/program files/atmel/avr tools/avr toolchain/bin/../lib/gcc/avr/4.6.2/avr51\libgcc.a(_clz.o)

.debug_loc      0x00000000      0xa58
 *(.debug_loc)
 .debug_loc     0x00000000      0x176 ADC.o
 .debug_loc     0x00000176      0x1fb c:/program files/atmel/avr tools/avr toolchain/bin/../lib/gcc/avr/4.6.2/avr51\libgcc.a(_mul_sf.o)
 .debug_loc     0x00000371      0x143 c:/program files/atmel/avr tools/avr toolchain/bin/../lib/gcc/avr/4.6.2/avr51\libgcc.a(_div_sf.o)
 .debug_loc     0x000004b4      0x123 c:/program files/atmel/avr tools/avr toolchain/bin/../lib/gcc/avr/4.6.2/avr51\libgcc.a(_si_to_sf.o)
 .debug_loc     0x000005d7       0x77 c:/program files/atmel/avr tools/avr toolchain/bin/../lib/gcc/avr/4.6.2/avr51\libgcc.a(_sf_to_si.o)
 .debug_loc     0x0000064e      0x139 c:/program files/atmel/avr tools/avr toolchain/bin/../lib/gcc/avr/4.6.2/avr51\libgcc.a(_clzsi2.o)
 .debug_loc     0x00000787      0x1ec c:/program files/atmel/avr tools/avr toolchain/bin/../lib/gcc/avr/4.6.2/avr51\libgcc.a(_pack_sf.o)
 .debug_loc     0x00000973       0xe5 c:/program files/atmel/avr tools/avr toolchain/bin/../lib/gcc/avr/4.6.2/avr51\libgcc.a(_unpack_sf.o)

.debug_macinfo
 *(.debug_macinfo)
OUTPUT(ADC.elf elf32-avr)
LOAD linker stubs

.debug_ranges   0x00000000       0x80
 .debug_ranges  0x00000000       0x18 ADC.o
 .debug_ranges  0x00000018       0x18 c:/program files/atmel/avr tools/avr toolchain/bin/../lib/gcc/avr/4.6.2/avr51\libgcc.a(_mul_sf.o)
 .debug_ranges  0x00000030       0x38 c:/program files/atmel/avr tools/avr toolchain/bin/../lib/gcc/avr/4.6.2/avr51\libgcc.a(_div_sf.o)
 .debug_ranges  0x00000068       0x18 c:/program files/atmel/avr tools/avr toolchain/bin/../lib/gcc/avr/4.6.2/avr51\libgcc.a(_si_to_sf.o)
