###############################################################################
#                                                                             #
# IAR ELF Linker V6.30.1.53127/W32 for ARM              25/Jun/2013  20:32:40 #
# Copyright 2007-2011 IAR Systems AB.                                         #
#                                                                             #
#    Output file  =  D:\Mylife\GSR\ST\src\STM32F103RB_GSR_JIN_TEST\prj\EWARMv #
#                    6\Debug\Exe\stm32_core.out                               #
#    Map file     =  D:\Mylife\GSR\ST\src\STM32F103RB_GSR_JIN_TEST\prj\EWARMv #
#                    6\Debug\List\stm32_core.map                              #
#    Command line =  D:\Mylife\GSR\ST\src\STM32F103RB_GSR_JIN_TEST\prj\EWARMv #
#                    6\Debug\Obj\core_cm3.o D:\Mylife\GSR\ST\src\STM32F103RB_ #
#                    GSR_JIN_TEST\prj\EWARMv6\Debug\Obj\hw_config.o           #
#                    D:\Mylife\GSR\ST\src\STM32F103RB_GSR_JIN_TEST\prj\EWARMv #
#                    6\Debug\Obj\i2c_test.o D:\Mylife\GSR\ST\src\STM32F103RB_ #
#                    GSR_JIN_TEST\prj\EWARMv6\Debug\Obj\led.o                 #
#                    D:\Mylife\GSR\ST\src\STM32F103RB_GSR_JIN_TEST\prj\EWARMv #
#                    6\Debug\Obj\main.o D:\Mylife\GSR\ST\src\STM32F103RB_GSR_ #
#                    JIN_TEST\prj\EWARMv6\Debug\Obj\misc.o                    #
#                    D:\Mylife\GSR\ST\src\STM32F103RB_GSR_JIN_TEST\prj\EWARMv #
#                    6\Debug\Obj\motor_step.o D:\Mylife\GSR\ST\src\STM32F103R #
#                    B_GSR_JIN_TEST\prj\EWARMv6\Debug\Obj\queue.o             #
#                    D:\Mylife\GSR\ST\src\STM32F103RB_GSR_JIN_TEST\prj\EWARMv #
#                    6\Debug\Obj\rtc.o D:\Mylife\GSR\ST\src\STM32F103RB_GSR_J #
#                    IN_TEST\prj\EWARMv6\Debug\Obj\sensor.o                   #
#                    D:\Mylife\GSR\ST\src\STM32F103RB_GSR_JIN_TEST\prj\EWARMv #
#                    6\Debug\Obj\startup_stm32f10x_md.o                       #
#                    D:\Mylife\GSR\ST\src\STM32F103RB_GSR_JIN_TEST\prj\EWARMv #
#                    6\Debug\Obj\stm32f10x_adc.o                              #
#                    D:\Mylife\GSR\ST\src\STM32F103RB_GSR_JIN_TEST\prj\EWARMv #
#                    6\Debug\Obj\stm32f10x_bkp.o                              #
#                    D:\Mylife\GSR\ST\src\STM32F103RB_GSR_JIN_TEST\prj\EWARMv #
#                    6\Debug\Obj\stm32f10x_can.o                              #
#                    D:\Mylife\GSR\ST\src\STM32F103RB_GSR_JIN_TEST\prj\EWARMv #
#                    6\Debug\Obj\stm32f10x_crc.o                              #
#                    D:\Mylife\GSR\ST\src\STM32F103RB_GSR_JIN_TEST\prj\EWARMv #
#                    6\Debug\Obj\stm32f10x_dac.o                              #
#                    D:\Mylife\GSR\ST\src\STM32F103RB_GSR_JIN_TEST\prj\EWARMv #
#                    6\Debug\Obj\stm32f10x_dbgmcu.o                           #
#                    D:\Mylife\GSR\ST\src\STM32F103RB_GSR_JIN_TEST\prj\EWARMv #
#                    6\Debug\Obj\stm32f10x_dma.o                              #
#                    D:\Mylife\GSR\ST\src\STM32F103RB_GSR_JIN_TEST\prj\EWARMv #
#                    6\Debug\Obj\stm32f10x_exti.o                             #
#                    D:\Mylife\GSR\ST\src\STM32F103RB_GSR_JIN_TEST\prj\EWARMv #
#                    6\Debug\Obj\stm32f10x_flash.o                            #
#                    D:\Mylife\GSR\ST\src\STM32F103RB_GSR_JIN_TEST\prj\EWARMv #
#                    6\Debug\Obj\stm32f10x_fsmc.o                             #
#                    D:\Mylife\GSR\ST\src\STM32F103RB_GSR_JIN_TEST\prj\EWARMv #
#                    6\Debug\Obj\stm32f10x_gpio.o                             #
#                    D:\Mylife\GSR\ST\src\STM32F103RB_GSR_JIN_TEST\prj\EWARMv #
#                    6\Debug\Obj\stm32f10x_i2c.o                              #
#                    D:\Mylife\GSR\ST\src\STM32F103RB_GSR_JIN_TEST\prj\EWARMv #
#                    6\Debug\Obj\stm32f10x_it.o D:\Mylife\GSR\ST\src\STM32F10 #
#                    3RB_GSR_JIN_TEST\prj\EWARMv6\Debug\Obj\stm32f10x_iwdg.o  #
#                    D:\Mylife\GSR\ST\src\STM32F103RB_GSR_JIN_TEST\prj\EWARMv #
#                    6\Debug\Obj\stm32f10x_pwr.o                              #
#                    D:\Mylife\GSR\ST\src\STM32F103RB_GSR_JIN_TEST\prj\EWARMv #
#                    6\Debug\Obj\stm32f10x_rcc.o                              #
#                    D:\Mylife\GSR\ST\src\STM32F103RB_GSR_JIN_TEST\prj\EWARMv #
#                    6\Debug\Obj\stm32f10x_rtc.o                              #
#                    D:\Mylife\GSR\ST\src\STM32F103RB_GSR_JIN_TEST\prj\EWARMv #
#                    6\Debug\Obj\stm32f10x_sdio.o                             #
#                    D:\Mylife\GSR\ST\src\STM32F103RB_GSR_JIN_TEST\prj\EWARMv #
#                    6\Debug\Obj\stm32f10x_spi.o                              #
#                    D:\Mylife\GSR\ST\src\STM32F103RB_GSR_JIN_TEST\prj\EWARMv #
#                    6\Debug\Obj\stm32f10x_tim.o                              #
#                    D:\Mylife\GSR\ST\src\STM32F103RB_GSR_JIN_TEST\prj\EWARMv #
#                    6\Debug\Obj\stm32f10x_usart.o                            #
#                    D:\Mylife\GSR\ST\src\STM32F103RB_GSR_JIN_TEST\prj\EWARMv #
#                    6\Debug\Obj\stm32f10x_wwdg.o                             #
#                    D:\Mylife\GSR\ST\src\STM32F103RB_GSR_JIN_TEST\prj\EWARMv #
#                    6\Debug\Obj\system_stm32f10x.o                           #
#                    D:\Mylife\GSR\ST\src\STM32F103RB_GSR_JIN_TEST\prj\EWARMv #
#                    6\Debug\Obj\timer.o D:\Mylife\GSR\ST\src\STM32F103RB_GSR #
#                    _JIN_TEST\prj\EWARMv6\Debug\Obj\usart.o --redirect       #
#                    _Printf=_PrintfSmall --redirect _Scanf=_ScanfSmall -o    #
#                    D:\Mylife\GSR\ST\src\STM32F103RB_GSR_JIN_TEST\prj\EWARMv #
#                    6\Debug\Exe\stm32_core.out --map                         #
#                    D:\Mylife\GSR\ST\src\STM32F103RB_GSR_JIN_TEST\prj\EWARMv #
#                    6\Debug\List\stm32_core.map --config                     #
#                    D:\Mylife\GSR\ST\src\STM32F103RB_GSR_JIN_TEST\prj\EWARMv #
#                    6\stm32f10x_flash.icf --semihosting --entry              #
#                    __iar_program_start --vfe                                #
#                                                                             #
#                                                                             #
###############################################################################

*******************************************************************************
*** RUNTIME MODEL ATTRIBUTES
***

CppFlavor       = *
__SystemLibrary = DLib


*******************************************************************************
*** PLACEMENT SUMMARY
***

"A1":  place at 0x08000000 { ro section .intvec };
"P1":  place in [from 0x08000000 to 0x080fffff] { ro };
"P2":  place in [from 0x20000000 to 0x20017fff] { rw, block CSTACK, block HEAP };

  Section            Kind        Address    Size  Object
  -------            ----        -------    ----  ------
"A1":                                       0xec
  .intvec            ro code  0x08000000    0xec  startup_stm32f10x_md.o [1]
                            - 0x080000ec    0xec

"P1":                                     0x6960
  .rodata            const    0x080000ec   0xfa0  motor_step.o [1]
  .text              ro code  0x0800108c   0x930  motor_step.o [1]
  .text              ro code  0x080019bc   0x4a4  stm32f10x_gpio.o [1]
  .text              ro code  0x08001e60   0x70c  stm32f10x_tim.o [1]
  .text              ro code  0x0800256c    0x1e  I32ToFlt.o [4]
  .text              ro code  0x0800258a    0x22  zero_init3.o [5]
  .text              ro code  0x080025ac    0xfc  FltDiv.o [4]
  .text              ro code  0x080026a8    0x24  FltToU32.o [4]
  .text              ro code  0x080026cc   0x1ec  timer.o [1]
  .text              ro code  0x080028b8   0x58c  main.o [1]
  .text              ro code  0x08002e44    0x3c  sensor.o [1]
  .text              ro code  0x08002e80   0x364  usart.o [1]
  .text              ro code  0x080031e4   0x120  misc.o [1]
  .text              ro code  0x08003304   0x114  led.o [1]
  .text              ro code  0x08003418   0x170  stm32f10x_rtc.o [1]
  .text              ro code  0x08003588   0x27a  hw_config.o [1]
  .text              ro code  0x08003802     0xa  xsprout.o [3]
  .text              ro code  0x0800380c   0x13c  rtc.o [1]
  .text              ro code  0x08003948    0x8e  queue.o [1]
  .text              ro code  0x080039d6    0x14  usart.o [1]
  .text              ro code  0x080039ec   0x678  stm32f10x_usart.o [1]
  .text              ro code  0x08004064     0xe  usart.o [1]
  .text              ro code  0x08004074    0x36  strlen.o [5]
  .text              ro code  0x080040ac    0x2c  vsprintf.o [3]
  .text              ro code  0x080040d8   0x6b4  stm32f10x_rcc.o [1]
  .text              ro code  0x0800478c    0x74  stm32f10x_flash.o [1]
  .text              ro code  0x08004800   0x4ec  stm32f10x_adc.o [1]
  .text              ro code  0x08004cec   0x440  stm32f10x_dma.o [1]
  .text              ro code  0x0800512c   0x260  stm32f10x_bkp.o [1]
  .text              ro code  0x0800538c    0x28  stm32f10x_pwr.o [1]
  .text              ro code  0x080053b4    0x66  ABImemset.o [5]
  .text              ro code  0x0800541c    0x76  ABImemcpy.o [5]
  .text              ro code  0x08005494   0x4a4  xprintfsmall.o [3]
  .text              ro code  0x08005938    0x16  strchr.o [5]
  .text              ro code  0x08005950    0x58  memchr.o [5]
  .text              ro code  0x080059a8   0x15c  system_stm32f10x.o [1]
  .text              ro code  0x08005b04    0xa0  packbits_init3.o [5]
  .rodata            const    0x08005ba4    0x70  stm32f10x_flash.o [1]
  .rodata            const    0x08005c14    0x70  stm32f10x_usart.o [1]
  .rodata            const    0x08005c84    0x6c  stm32f10x_adc.o [1]
  .rodata            const    0x08005cf0    0x6c  stm32f10x_bkp.o [1]
  .rodata            const    0x08005d5c    0x6c  stm32f10x_dma.o [1]
  .rodata            const    0x08005dc8    0x6c  stm32f10x_gpio.o [1]
  .rodata            const    0x08005e34    0x6c  stm32f10x_pwr.o [1]
  .rodata            const    0x08005ea0    0x6c  stm32f10x_rcc.o [1]
  .rodata            const    0x08005f0c    0x6c  stm32f10x_rtc.o [1]
  .rodata            const    0x08005f78    0x6c  stm32f10x_tim.o [1]
  .rodata            const    0x08005fe4    0x64  misc.o [1]
  .rodata            const    0x08006048    0x54  main.o [1]
  .rodata            const    0x0800609c    0x54  main.o [1]
  .rodata            const    0x080060f0    0x48  main.o [1]
  .rodata            const    0x08006138    0x40  main.o [1]
  .rodata            const    0x08006178    0x40  motor_step.o [1]
  .rodata            const    0x080061b8    0x3c  sensor.o [1]
  .rodata            const    0x080061f4    0x30  main.o [1]
  .rodata            const    0x08006224    0x2c  main.o [1]
  .text              ro code  0x08006250    0x2c  data_init3.o [5]
  .rodata            const    0x0800627c    0x28  main.o [1]
  .rodata            const    0x080062a4    0x28  motor_step.o [1]
  .rodata            const    0x080062cc    0x24  main.o [1]
  .rodata            const    0x080062f0    0x24  rtc.o [1]
  .rodata            const    0x08006314    0x24  rtc.o [1]
  .iar.init_table    const    0x08006338    0x2c  - Linker created -
  .rodata            const    0x08006364    0x20  main.o [1]
  .rodata            const    0x08006384    0x20  main.o [1]
  .rodata            const    0x080063a4    0x20  main.o [1]
  .rodata            const    0x080063c4    0x20  motor_step.o [1]
  .rodata            const    0x080063e4    0x20  motor_step.o [1]
  .rodata            const    0x08006404    0x20  motor_step.o [1]
  .rodata            const    0x08006424    0x20  rtc.o [1]
  .rodata            const    0x08006444    0x20  rtc.o [1]
  .rodata            const    0x08006464    0x1c  main.o [1]
  .rodata            const    0x08006480    0x1c  main.o [1]
  .rodata            const    0x0800649c    0x1c  main.o [1]
  .rodata            const    0x080064b8    0x1c  main.o [1]
  .rodata            const    0x080064d4    0x1c  main.o [1]
  .rodata            const    0x080064f0    0x1c  main.o [1]
  .rodata            const    0x0800650c    0x1c  main.o [1]
  .rodata            const    0x08006528    0x1c  main.o [1]
  .rodata            const    0x08006544    0x1c  main.o [1]
  .rodata            const    0x08006560    0x18  main.o [1]
  .rodata            const    0x08006578    0x18  main.o [1]
  .rodata            const    0x08006590    0x18  main.o [1]
  .rodata            const    0x080065a8    0x18  main.o [1]
  .rodata            const    0x080065c0    0x18  main.o [1]
  .rodata            const    0x080065d8    0x18  main.o [1]
  .rodata            const    0x080065f0    0x18  main.o [1]
  .rodata            const    0x08006608    0x18  main.o [1]
  .rodata            const    0x08006620    0x18  main.o [1]
  .rodata            const    0x08006638    0x18  main.o [1]
  .rodata            const    0x08006650    0x18  main.o [1]
  .rodata            const    0x08006668    0x18  main.o [1]
  .rodata            const    0x08006680    0x18  main.o [1]
  .rodata            const    0x08006698    0x18  main.o [1]
  .rodata            const    0x080066b0    0x18  rtc.o [1]
  .text              ro code  0x080066c8    0x18  stm32f10x_it.o [1]
  .text              ro code  0x080066e0    0x16  cmain.o [5]
  .text              ro code  0x080066f6     0x4  low_level_init.o [3]
  .text              ro code  0x080066fa     0x4  exit.o [3]
  .text              ro code  0x08006700     0xa  cexit.o [5]
  .text              ro code  0x0800670c    0x14  exit.o [6]
  .rodata            const    0x08006720    0x14  main.o [1]
  .rodata            const    0x08006734    0x14  main.o [1]
  .rodata            const    0x08006748    0x14  main.o [1]
  .rodata            const    0x0800675c    0x14  main.o [1]
  .rodata            const    0x08006770    0x14  main.o [1]
  .rodata            const    0x08006784    0x14  main.o [1]
  .rodata            const    0x08006798    0x14  main.o [1]
  .rodata            const    0x080067ac    0x14  main.o [1]
  .rodata            const    0x080067c0    0x14  main.o [1]
  .rodata            const    0x080067d4    0x14  main.o [1]
  .rodata            const    0x080067e8    0x14  main.o [1]
  .rodata            const    0x080067fc    0x10  main.o [1]
  .text              ro code  0x0800680c    0x10  startup_stm32f10x_md.o [1]
  .rodata            const    0x0800681c     0xc  main.o [1]
  .text              ro code  0x08006828     0xc  cstartup_M.o [5]
  .rodata            const    0x08006834     0x8  led.o [1]
  .text              ro code  0x0800683c     0x4  startup_stm32f10x_md.o [1]
  .text              ro code  0x08006840     0x4  startup_stm32f10x_md.o [1]
  .text              ro code  0x08006844     0x4  startup_stm32f10x_md.o [1]
  .text              ro code  0x08006848     0x4  startup_stm32f10x_md.o [1]
  .text              ro code  0x0800684c     0x4  startup_stm32f10x_md.o [1]
  .text              ro code  0x08006850     0x4  startup_stm32f10x_md.o [1]
  .text              ro code  0x08006854     0x4  startup_stm32f10x_md.o [1]
  .text              ro code  0x08006858     0x4  startup_stm32f10x_md.o [1]
  .text              ro code  0x0800685c     0x4  startup_stm32f10x_md.o [1]
  .text              ro code  0x08006860     0x4  startup_stm32f10x_md.o [1]
  .text              ro code  0x08006864     0x4  startup_stm32f10x_md.o [1]
  .text              ro code  0x08006868     0x4  startup_stm32f10x_md.o [1]
  .text              ro code  0x0800686c     0x4  startup_stm32f10x_md.o [1]
  .text              ro code  0x08006870     0x4  startup_stm32f10x_md.o [1]
  .text              ro code  0x08006874     0x4  startup_stm32f10x_md.o [1]
  .text              ro code  0x08006878     0x4  startup_stm32f10x_md.o [1]
  .text              ro code  0x0800687c     0x4  startup_stm32f10x_md.o [1]
  .text              ro code  0x08006880     0x4  startup_stm32f10x_md.o [1]
  .text              ro code  0x08006884     0x4  startup_stm32f10x_md.o [1]
  .text              ro code  0x08006888     0x4  startup_stm32f10x_md.o [1]
  .text              ro code  0x0800688c     0x4  startup_stm32f10x_md.o [1]
  .text              ro code  0x08006890     0x4  startup_stm32f10x_md.o [1]
  .text              ro code  0x08006894     0x4  startup_stm32f10x_md.o [1]
  .text              ro code  0x08006898     0x4  startup_stm32f10x_md.o [1]
  .text              ro code  0x0800689c     0x4  startup_stm32f10x_md.o [1]
  .text              ro code  0x080068a0     0x4  startup_stm32f10x_md.o [1]
  .text              ro code  0x080068a4     0x4  startup_stm32f10x_md.o [1]
  .text              ro code  0x080068a8     0x4  startup_stm32f10x_md.o [1]
  .text              ro code  0x080068ac     0x4  startup_stm32f10x_md.o [1]
  .text              ro code  0x080068b0     0x4  startup_stm32f10x_md.o [1]
  .text              ro code  0x080068b4     0x4  startup_stm32f10x_md.o [1]
  .text              ro code  0x080068b8     0x4  startup_stm32f10x_md.o [1]
  .text              ro code  0x080068bc     0x4  startup_stm32f10x_md.o [1]
  .text              ro code  0x080068c0     0x4  startup_stm32f10x_md.o [1]
  .text              ro code  0x080068c4     0x4  startup_stm32f10x_md.o [1]
  .text              ro code  0x080068c8     0x4  startup_stm32f10x_md.o [1]
  .text              ro code  0x080068cc     0x4  startup_stm32f10x_md.o [1]
  .text              ro code  0x080068d0     0x4  startup_stm32f10x_md.o [1]
  .text              ro code  0x080068d4     0x4  startup_stm32f10x_md.o [1]
  .text              ro code  0x080068d8     0x4  startup_stm32f10x_md.o [1]
  .text              ro code  0x080068dc     0x4  startup_stm32f10x_md.o [1]
  .text              ro code  0x080068e0     0x4  startup_stm32f10x_md.o [1]
  .text              ro code  0x080068e4     0x4  startup_stm32f10x_md.o [1]
  .text              ro code  0x080068e8     0x4  startup_stm32f10x_md.o [1]
  .text              ro code  0x080068ec     0x4  startup_stm32f10x_md.o [1]
  .text              ro code  0x080068f0     0x4  startup_stm32f10x_md.o [1]
  .text              ro code  0x080068f4     0x4  startup_stm32f10x_md.o [1]
  .text              ro code  0x080068f8     0x4  startup_stm32f10x_md.o [1]
  .text              ro code  0x080068fc     0x4  startup_stm32f10x_md.o [1]
  .text              ro code  0x08006900     0x4  startup_stm32f10x_md.o [1]
  .text              ro code  0x08006904     0x4  startup_stm32f10x_md.o [1]
  .text              ro code  0x08006908     0x4  startup_stm32f10x_md.o [1]
  .rodata            const    0x0800690c     0x0  bwt_init3c.o [5]
  Initializer bytes  ro data  0x0800690c   0x13f  <for P2 s0>
                            - 0x08006a4b  0x695f

"P2", part 1 of 3:                         0x1c8
  P2 s0                       0x20000000   0x1c6  <Init block>
    .data            inited   0x20000000   0x190  main.o [1]
    .data            inited   0x20000190    0x20  timer.o [1]
    .data            inited   0x200001b0    0x10  stm32f10x_rcc.o [1]
    .data            inited   0x200001c0     0x4  stm32f10x_rcc.o [1]
    .data            inited   0x200001c4     0x1  led.o [1]
    .data            inited   0x200001c5     0x1  usart.o [1]
                            - 0x200001c6   0x1c6

"P2", part 2 of 3:                        0x18f8
  .bss               zero     0x200001c8  0x1000  usart.o [1]
  .bss               zero     0x200011c8   0x400  usart.o [1]
  .bss               zero     0x200015c8   0x280  usart.o [1]
  .bss               zero     0x20001848    0xa0  usart.o [1]
  .bss               zero     0x200018e8    0x80  usart.o [1]
  .bss               zero     0x20001968    0x44  usart.o [1]
  .bss               zero     0x200019ac    0x40  usart.o [1]
  .bss               zero     0x200019ec    0x40  usart.o [1]
  .bss               zero     0x20001a2c    0x18  motor_step.o [1]
  .bss               zero     0x20001a44    0x18  motor_step.o [1]
  .bss               zero     0x20001a5c    0x10  usart.o [1]
  .bss               zero     0x20001a6c    0x10  usart.o [1]
  .bss               zero     0x20001a7c    0x10  usart.o [1]
  .bss               zero     0x20001a8c    0x10  usart.o [1]
  .bss               zero     0x20001a9c     0x8  rtc.o [1]
  .bss               zero     0x20001aa4     0x8  sensor.o [1]
  .bss               zero     0x20001aac     0x2  main.o [1]
  .bss               zero     0x20001aae     0x2  main.o [1]
  .bss               zero     0x20001ab0     0x2  main.o [1]
  .bss               zero     0x20001ab2     0x2  usart.o [1]
  .bss               zero     0x20001ab4     0x2  usart.o [1]
  .bss               zero     0x20001ab6     0x2  usart.o [1]
  .bss               zero     0x20001ab8     0x1  hw_config.o [1]
  .bss               zero     0x20001ab9     0x1  led.o [1]
  .bss               zero     0x20001aba     0x1  main.o [1]
  .bss               zero     0x20001abb     0x1  main.o [1]
  .bss               zero     0x20001abc     0x1  main.o [1]
  .bss               zero     0x20001abd     0x1  motor_step.o [1]
  .bss               zero     0x20001abe     0x1  motor_step.o [1]
                            - 0x20001abf  0x18f7

"P2", part 3 of 3:                         0x400
  CSTACK                      0x20001ac0   0x400  <Block>
    CSTACK           uninit   0x20001ac0   0x400  <Block tail>
                            - 0x20001ec0   0x400


*******************************************************************************
*** INIT TABLE
***

          Address     Size
          -------     ----
Zero (__iar_zero_init3)
    1 destination range, total size 0x18f7:
          0x200001c8  0x18f7

Copy/packbits (__iar_packbits_init3)
    1 source range, total size 0x13f (70% of destination):
          0x0800690c   0x13f
    1 destination range, total size 0x1c6:
          0x20000000   0x1c6



*******************************************************************************
*** MODULE SUMMARY
***

    Module                  ro code  ro data  rw data
    ------                  -------  -------  -------
D:\Mylife\GSR\ST\src\STM32F103RB_GSR_JIN_TEST\prj\EWARMv6\Debug\Obj: [1]
    hw_config.o                 634                 1
    led.o                       276        9        2
    main.o                    1 420    1 685      409
    misc.o                      288      100
    motor_step.o              2 352    4 200       50
    queue.o                     142
    rtc.o                       316      160        8
    sensor.o                     60       60        8
    startup_stm32f10x_md.o      460
    stm32f10x_adc.o           1 260      108
    stm32f10x_bkp.o             608      108
    stm32f10x_dma.o           1 088      108
    stm32f10x_flash.o           116      112
    stm32f10x_gpio.o          1 188      108
    stm32f10x_it.o               24
    stm32f10x_pwr.o              40      108
    stm32f10x_rcc.o           1 716      122       20
    stm32f10x_rtc.o             368      108
    stm32f10x_tim.o           1 804      108
    stm32f10x_usart.o         1 656      112
    system_stm32f10x.o          348
    timer.o                     492       22       32
    usart.o                     902        1    6 315
    -------------------------------------------------
    Total:                   17 558    7 339    6 845

command line: [2]
    -------------------------------------------------
    Total:

dl7M_tln.a: [3]
    exit.o                        4
    low_level_init.o              4
    vsprintf.o                   44
    xprintfsmall.o            1 188
    xsprout.o                    10
    -------------------------------------------------
    Total:                    1 250

m7M_tl.a: [4]
    FltDiv.o                    252
    FltToU32.o                   36
    I32ToFlt.o                   30
    -------------------------------------------------
    Total:                      318

rt7M_tl.a: [5]
    ABImemcpy.o                 118
    ABImemset.o                 102
    bwt_init3c.o
    cexit.o                      10
    cmain.o                      22
    cstartup_M.o                 12
    data_init3.o                 44
    memchr.o                     88
    packbits_init3.o            160
    strchr.o                     22
    strlen.o                     54
    zero_init3.o                 34
    -------------------------------------------------
    Total:                      666

shb_l.a: [6]
    exit.o                       20
    -------------------------------------------------
    Total:                       20

    Gaps                         16
    Linker created                        44    1 024
-----------------------------------------------------
    Grand Total:             19 828    7 383    7 869


*******************************************************************************
*** ENTRY LIST
***

Entry                      Address    Size  Type      Object
-----                      -------    ----  ----      ------
?main                   0x080066e1          Code  Gb  cmain.o [5]
ADC1ConvertedValue      0x20001aa4     0x8  Data  Gb  sensor.o [1]
ADC1_2_IRQHandler       0x080068a9          Code  Wk  startup_stm32f10x_md.o [1]
ADCPrescTable           0x200001c0     0x4  Data  Lc  stm32f10x_rcc.o [1]
ADC_Cmd                 0x08004995    0x5c  Code  Gb  stm32f10x_adc.o [1]
ADC_DMACmd              0x080049f1    0x56  Code  Gb  stm32f10x_adc.o [1]
ADC_GetCalibrationStatus
                        0x08004ae5    0x3a  Code  Gb  stm32f10x_adc.o [1]
ADC_GetResetCalibrationStatus
                        0x08004a79    0x3a  Code  Gb  stm32f10x_adc.o [1]
ADC_Init                0x08004801   0x194  Code  Gb  stm32f10x_adc.o [1]
ADC_RegularChannelConfig
                        0x08004b1f   0x1b2  Code  Gb  stm32f10x_adc.o [1]
ADC_ResetCalibration    0x08004a47    0x32  Code  Gb  stm32f10x_adc.o [1]
ADC_StartCalibration    0x08004ab3    0x32  Code  Gb  stm32f10x_adc.o [1]
APBAHBPrescTable        0x200001b0    0x10  Data  Lc  stm32f10x_rcc.o [1]
BKP_DeInit              0x0800512d    0x10  Code  Gb  stm32f10x_bkp.o [1]
BKP_ReadBackupRegister  0x08005261   0x122  Code  Gb  stm32f10x_bkp.o [1]
BKP_WriteBackupRegister
                        0x0800513d   0x124  Code  Gb  stm32f10x_bkp.o [1]
BusFault_Handler        0x080066cf     0x2  Code  Gb  stm32f10x_it.o [1]
CAN1_RX1_IRQHandler     0x080068b5          Code  Wk  startup_stm32f10x_md.o [1]
CAN1_SCE_IRQHandler     0x080068b9          Code  Wk  startup_stm32f10x_md.o [1]
CSTACK$$Base            0x20001ac0           --   Gb  - Linker created -
CSTACK$$Limit           0x20001ec0           --   Gb  - Linker created -
DMA1_Channel1_IRQHandler
                        0x0800688d          Code  Wk  startup_stm32f10x_md.o [1]
DMA1_Channel2_IRQHandler
                        0x08006891          Code  Wk  startup_stm32f10x_md.o [1]
DMA1_Channel3_IRQHandler
                        0x08006895          Code  Wk  startup_stm32f10x_md.o [1]
DMA1_Channel4_IRQHandler
                        0x08006899          Code  Wk  startup_stm32f10x_md.o [1]
DMA1_Channel5_IRQHandler
                        0x0800689d          Code  Wk  startup_stm32f10x_md.o [1]
DMA1_Channel6_IRQHandler
                        0x080068a1          Code  Wk  startup_stm32f10x_md.o [1]
DMA1_Channel7_IRQHandler
                        0x080068a5          Code  Wk  startup_stm32f10x_md.o [1]
DMA_Cmd                 0x08005049    0xa4  Code  Gb  stm32f10x_dma.o [1]
DMA_DeInit              0x08004ced   0x1be  Code  Gb  stm32f10x_dma.o [1]
DMA_Init                0x08004eab   0x19e  Code  Gb  stm32f10x_dma.o [1]
DMA_Initial             0x08003741    0x50  Code  Gb  hw_config.o [1]
DebugMon_Handler        0x080066d5     0x2  Code  Gb  stm32f10x_it.o [1]
EXTI0_IRQHandler        0x08006879          Code  Wk  startup_stm32f10x_md.o [1]
EXTI15_10_IRQHandler    0x08006901          Code  Wk  startup_stm32f10x_md.o [1]
EXTI1_IRQHandler        0x0800687d          Code  Wk  startup_stm32f10x_md.o [1]
EXTI2_IRQHandler        0x08006881          Code  Wk  startup_stm32f10x_md.o [1]
EXTI3_IRQHandler        0x08006885          Code  Wk  startup_stm32f10x_md.o [1]
EXTI4_IRQHandler        0x08006889          Code  Wk  startup_stm32f10x_md.o [1]
EXTI9_5_IRQHandler      0x080066dd     0x2  Code  Gb  stm32f10x_it.o [1]
FLASH_IRQHandler        0x08006871          Code  Wk  startup_stm32f10x_md.o [1]
FLASH_PrefetchBufferCmd
                        0x080047bf    0x38  Code  Gb  stm32f10x_flash.o [1]
FLASH_SetLatency        0x0800478d    0x32  Code  Gb  stm32f10x_flash.o [1]
GPIO_Init               0x080019bd   0x172  Code  Gb  stm32f10x_gpio.o [1]
GPIO_ReadOutputData     0x08001c0d    0x4e  Code  Gb  stm32f10x_gpio.o [1]
GPIO_ReadOutputDataBit  0x08001b2f    0xde  Code  Gb  stm32f10x_gpio.o [1]
GPIO_ResetBits          0x08001cbb    0x56  Code  Gb  stm32f10x_gpio.o [1]
GPIO_SetBits            0x08001c5b    0x60  Code  Gb  stm32f10x_gpio.o [1]
GPIO_Write              0x08001dfb    0x44  Code  Gb  stm32f10x_gpio.o [1]
GPIO_WriteBit           0x08001d11    0xea  Code  Gb  stm32f10x_gpio.o [1]
HSEStartUpStatus        0x20001ab8     0x1  Data  Gb  hw_config.o [1]
HardFault_Handler       0x080066cb     0x2  Code  Gb  stm32f10x_it.o [1]
I2C1_ER_IRQHandler      0x080068e1          Code  Wk  startup_stm32f10x_md.o [1]
I2C1_EV_IRQHandler      0x080068dd          Code  Wk  startup_stm32f10x_md.o [1]
I2C2_ER_IRQHandler      0x080068e9          Code  Wk  startup_stm32f10x_md.o [1]
I2C2_EV_IRQHandler      0x080068e5          Code  Wk  startup_stm32f10x_md.o [1]
MemManage_Handler       0x080066cd     0x2  Code  Gb  stm32f10x_it.o [1]
NMI_Handler             0x080066c9     0x2  Code  Gb  stm32f10x_it.o [1]
NVIC_Init               0x0800321b    0x92  Code  Gb  misc.o [1]
NVIC_PriorityGroupConfig
                        0x080031e5    0x36  Code  Gb  misc.o [1]
NVIC_SetVectorTable     0x080032ad    0x34  Code  Gb  misc.o [1]
PVD_IRQHandler          0x08006865          Code  Wk  startup_stm32f10x_md.o [1]
PWR_BackupAccessCmd     0x0800538d    0x20  Code  Gb  stm32f10x_pwr.o [1]
PendSV_Handler          0x080066d7     0x2  Code  Gb  stm32f10x_it.o [1]
RCC_ADCCLKConfig        0x080043bb    0x3c  Code  Gb  stm32f10x_rcc.o [1]
RCC_AHBPeriphClockCmd   0x0800458d    0x52  Code  Gb  stm32f10x_rcc.o [1]
RCC_APB1PeriphClockCmd  0x0800462d    0x4e  Code  Gb  stm32f10x_rcc.o [1]
RCC_APB2PeriphClockCmd  0x080045df    0x4e  Code  Gb  stm32f10x_rcc.o [1]
RCC_BackupResetCmd      0x0800467b    0x22  Code  Gb  stm32f10x_rcc.o [1]
RCC_ClearFlag           0x08004729     0xe  Code  Gb  stm32f10x_rcc.o [1]
RCC_DeInit              0x080040d9    0x60  Code  Gb  stm32f10x_rcc.o [1]
RCC_GetClocksFreq       0x080044a9    0xe4  Code  Gb  stm32f10x_rcc.o [1]
RCC_GetFlagStatus       0x0800469d    0x8c  Code  Gb  stm32f10x_rcc.o [1]
RCC_GetSYSCLKSource     0x080042df     0xc  Code  Gb  stm32f10x_rcc.o [1]
RCC_HCLKConfig          0x080042eb    0x4a  Code  Gb  stm32f10x_rcc.o [1]
RCC_HSEConfig           0x08004139    0x74  Code  Gb  stm32f10x_rcc.o [1]
RCC_IRQHandler          0x08006875          Code  Wk  startup_stm32f10x_md.o [1]
RCC_LSEConfig           0x080043f7    0x54  Code  Gb  stm32f10x_rcc.o [1]
RCC_PCLK1Config         0x08004335    0x42  Code  Gb  stm32f10x_rcc.o [1]
RCC_PCLK2Config         0x08004377    0x44  Code  Gb  stm32f10x_rcc.o [1]
RCC_PLLCmd              0x08004287    0x26  Code  Gb  stm32f10x_rcc.o [1]
RCC_PLLConfig           0x080041e7    0xa0  Code  Gb  stm32f10x_rcc.o [1]
RCC_RTCCLKCmd           0x08004483    0x26  Code  Gb  stm32f10x_rcc.o [1]
RCC_RTCCLKConfig        0x0800444b    0x38  Code  Gb  stm32f10x_rcc.o [1]
RCC_SYSCLKConfig        0x080042ad    0x32  Code  Gb  stm32f10x_rcc.o [1]
RCC_WaitForHSEStartUp   0x080041ad    0x3a  Code  Gb  stm32f10x_rcc.o [1]
RTCAlarm_IRQHandler     0x08006905          Code  Wk  startup_stm32f10x_md.o [1]
RTC_ClearITPendingBit   0x08003541    0x28  Code  Gb  stm32f10x_rtc.o [1]
RTC_EnterConfigMode     0x08003467     0xe  Code  Gb  stm32f10x_rtc.o [1]
RTC_ExitConfigMode      0x08003475    0x10  Code  Gb  stm32f10x_rtc.o [1]
RTC_GetCounter          0x08003485    0x16  Code  Gb  stm32f10x_rtc.o [1]
RTC_GetITStatus         0x080034ff    0x42  Code  Gb  stm32f10x_rtc.o [1]
RTC_IRQHandler          0x08003819    0x26  Code  Gb  rtc.o [1]
RTC_ITConfig            0x08003419    0x4e  Code  Gb  stm32f10x_rtc.o [1]
RTC_SetCounter          0x0800349b    0x18  Code  Gb  stm32f10x_rtc.o [1]
RTC_SetPrescaler        0x080034b3    0x2a  Code  Gb  stm32f10x_rtc.o [1]
RTC_WaitForLastTask     0x080034dd     0xa  Code  Gb  stm32f10x_rtc.o [1]
RTC_WaitForSynchro      0x080034e7    0x18  Code  Gb  stm32f10x_rtc.o [1]
Region$$Table$$Base     0x08006338           --   Gb  - Linker created -
Region$$Table$$Limit    0x08006364           --   Gb  - Linker created -
Reset_Handler           0x0800680d          Code  Wk  startup_stm32f10x_md.o [1]
SPI1_IRQHandler         0x080068ed          Code  Wk  startup_stm32f10x_md.o [1]
SPI2_IRQHandler         0x080068f1          Code  Wk  startup_stm32f10x_md.o [1]
SVC_Handler             0x080066d3     0x2  Code  Gb  stm32f10x_it.o [1]
SetSysClock             0x080059fd     0x8  Code  Lc  system_stm32f10x.o [1]
SetSysClockTo72         0x08005a05    0xe0  Code  Lc  system_stm32f10x.o [1]
SysTick_Handler         0x080066d9     0x2  Code  Gb  stm32f10x_it.o [1]
SystemInit              0x080059a9    0x54  Code  Gb  system_stm32f10x.o [1]
TAMPER_IRQHandler       0x08006869          Code  Wk  startup_stm32f10x_md.o [1]
TIM1_BRK_IRQHandler     0x080068c1          Code  Wk  startup_stm32f10x_md.o [1]
TIM1_CC_IRQHandler      0x080068cd          Code  Wk  startup_stm32f10x_md.o [1]
TIM1_TRG_COM_IRQHandler
                        0x080068c9          Code  Wk  startup_stm32f10x_md.o [1]
TIM1_UP_IRQHandler      0x080068c5          Code  Wk  startup_stm32f10x_md.o [1]
TIM2_IRQHandler         0x080026d9    0x26  Code  Gb  timer.o [1]
TIM3_IRQHandler         0x08002769    0x22  Code  Gb  timer.o [1]
TIM4_IRQHandler         0x080027f1    0x22  Code  Gb  timer.o [1]
TIM_ARRPreloadConfig    0x0800220d    0xc2  Code  Gb  stm32f10x_tim.o [1]
TIM_ClearFlag           0x080023dd    0x96  Code  Gb  stm32f10x_tim.o [1]
TIM_ClearITPendingBit   0x08002491    0x96  Code  Gb  stm32f10x_tim.o [1]
TIM_Cmd                 0x08002019    0xcc  Code  Gb  stm32f10x_tim.o [1]
TIM_ITConfig            0x080020e5    0xe2  Code  Gb  stm32f10x_tim.o [1]
TIM_SetAutoreload       0x08002315    0x88  Code  Gb  stm32f10x_tim.o [1]
TIM_TimeBaseInit        0x08001e61   0x174  Code  Gb  stm32f10x_tim.o [1]
USART1_IRQHandler       0x080030dd    0x54  Code  Gb  usart.o [1]
USART2_IRQHandler       0x080068f9          Code  Wk  startup_stm32f10x_md.o [1]
USART3_IRQHandler       0x080068fd          Code  Wk  startup_stm32f10x_md.o [1]
USART_ClearITPendingBit
                        0x08003fb1    0x9a  Code  Gb  stm32f10x_usart.o [1]
USART_Cmd               0x08003bc5    0x6e  Code  Gb  stm32f10x_usart.o [1]
USART_GetFlagStatus     0x08003de9    0xb4  Code  Gb  stm32f10x_usart.o [1]
USART_GetITStatus       0x08003e9d   0x114  Code  Gb  stm32f10x_usart.o [1]
USART_ITConfig          0x08003c33   0x11a  Code  Gb  stm32f10x_usart.o [1]
USART_Init              0x080039ed   0x1d8  Code  Gb  stm32f10x_usart.o [1]
USART_ReceiveData       0x08003d97    0x34  Code  Gb  stm32f10x_usart.o [1]
USART_SendData          0x08003d4d    0x4a  Code  Gb  stm32f10x_usart.o [1]
USBWakeUp_IRQHandler    0x080066df     0x2  Code  Gb  stm32f10x_it.o [1]
USB_HP_CAN1_TX_IRQHandler
                        0x080068ad          Code  Wk  startup_stm32f10x_md.o [1]
USB_LP_CAN1_RX0_IRQHandler
                        0x080066db     0x2  Code  Gb  stm32f10x_it.o [1]
UsageFault_Handler      0x080066d1     0x2  Code  Gb  stm32f10x_it.o [1]
WWDG_IRQHandler         0x08006861          Code  Wk  startup_stm32f10x_md.o [1]
_LitobSmall             0x08005861    0xd0  Code  Lc  xprintfsmall.o [3]
_PrintfSmall            0x08005495   0x3cc  Code  Gb  xprintfsmall.o [3]
_SProut                 0x08003803     0xa  Code  Gb  xsprout.o [3]
__aeabi_f2uiz           0x080026a9          Code  Gb  FltToU32.o [4]
__aeabi_fdiv            0x080025ad          Code  Gb  FltDiv.o [4]
__aeabi_memcpy          0x0800541d          Code  Gb  ABImemcpy.o [5]
__aeabi_memcpy4         0x0800543d          Code  Gb  ABImemcpy.o [5]
__aeabi_memcpy8         0x0800543d          Code  Gb  ABImemcpy.o [5]
__aeabi_memset          0x080053b5          Code  Gb  ABImemset.o [5]
__aeabi_ui2f            0x0800256d          Code  Gb  I32ToFlt.o [4]
__cmain                 0x080066e1          Code  Gb  cmain.o [5]
__exit                  0x0800670d    0x14  Code  Gb  exit.o [6]
__iar_Memchr            0x08005951          Code  Gb  memchr.o [5]
__iar_Memset            0x080053b5          Code  Gb  ABImemset.o [5]
__iar_Memset_word       0x080053bd          Code  Gb  ABImemset.o [5]
__iar_SB                0x0800690c          Data  Gb  bwt_init3c.o [5]
__iar_Strchr            0x08005939          Code  Gb  strchr.o [5]
__iar_data_init3        0x08006251    0x2c  Code  Gb  data_init3.o [5]
__iar_default_requirements$$_Printf<unknown>vsprintf {Abs}
                        0x00000000           --   Gb  vsprintf.o [3]
__iar_packbits_init3    0x08005b05    0xa0  Code  Gb  packbits_init3.o [5]
__iar_program_start     0x08006829          Code  Gb  cstartup_M.o [5]
__iar_provide$$_Printf<flags,int_specials,qualifiers,widths>_PrintfSmall {Abs}
                        0x00000000           --   Gb  xprintfsmall.o [3]
__iar_ui2f              0x08002571          Code  Gb  I32ToFlt.o [4]
__iar_zero_init3        0x0800258b    0x22  Code  Gb  zero_init3.o [5]
__low_level_init        0x080066f7     0x4  Code  Gb  low_level_init.o [3]
__vector_table          0x08000000          Data  Gb  startup_stm32f10x_md.o [1]
_call_main              0x080066ed          Code  Gb  cmain.o [5]
_exit                   0x08006701          Code  Gb  cexit.o [5]
_main                   0x080066f3          Code  Gb  cmain.o [5]
assert_failed           0x08002d75    0x1a  Code  Gb  main.o [1]
bsp_init_adc            0x080036bd    0x84  Code  Gb  hw_config.o [1]
bsp_init_gpio           0x08003643    0x7a  Code  Gb  hw_config.o [1]
bsp_init_interrupt      0x080037b1    0x52  Code  Gb  hw_config.o [1]
bsp_init_irq_usart1     0x0800303b    0xa2  Code  Gb  usart.o [1]
bsp_init_rcc            0x08003589    0xba  Code  Gb  hw_config.o [1]
bsp_init_rtc            0x0800383f    0x6e  Code  Gb  rtc.o [1]
bsp_init_timer2         0x080026ff    0x6a  Code  Gb  timer.o [1]
bsp_init_timer3         0x0800278b    0x66  Code  Gb  timer.o [1]
bsp_init_timer4         0x08002813    0x66  Code  Gb  timer.o [1]
bsp_led_off             0x08003327    0x22  Code  Gb  led.o [1]
bsp_led_on              0x08003305    0x22  Code  Gb  led.o [1]
bsp_led_toggle          0x08003349    0x5a  Code  Gb  led.o [1]
bsp_motor_timer_interrupt
                        0x08002879    0x32  Code  Gb  timer.o [1]
display_menu            0x08002a0b    0x4a  Code  Gb  main.o [1]
exit                    0x080066fb     0x4  Code  Gb  exit.o [3]
g_left_mot              0x20001a2c    0x18  Data  Gb  motor_step.o [1]
g_motor_time_table      0x080000ec   0xfa0  Data  Gb  motor_step.o [1]
g_right_mot             0x20001a44    0x18  Data  Gb  motor_step.o [1]
gbl_ar_rtc_service      0x20001a9c     0x8  Data  Gb  rtc.o [1]
gbl_ar_timer_service    0x20000190    0x20  Data  Gb  timer.o [1]
gbl_qdata_usart1_rx_free
                        0x20001848    0xa0  Data  Gb  usart.o [1]
gbl_qdata_usart1_tx_free
                        0x200011c8   0x400  Data  Gb  usart.o [1]
gbl_qlist_usart1_rx     0x20001a7c    0x10  Data  Gb  usart.o [1]
gbl_qlist_usart1_rx_free
                        0x20001a8c    0x10  Data  Gb  usart.o [1]
gbl_qlist_usart1_tx     0x20001a5c    0x10  Data  Gb  usart.o [1]
gbl_qlist_usart1_tx_free
                        0x20001a6c    0x10  Data  Gb  usart.o [1]
gbl_service             0x20000000   0x190  Data  Gb  main.o [1]
gbl_usart1_rx_buff      0x200015c8   0x280  Data  Gb  usart.o [1]
gbl_usart1_rx_buff_dma  0x200019ec    0x40  Data  Gb  usart.o [1]
gbl_usart1_rx_buff_proc
                        0x20001968    0x44  Data  Gb  usart.o [1]
gbl_usart1_tx_buff      0x200001c8  0x1000  Data  Gb  usart.o [1]
gbl_usart1_tx_buff_dma  0x200019ac    0x40  Data  Gb  usart.o [1]
init_usart1_buffer      0x08002e81    0x98  Code  Gb  usart.o [1]
isr_left_motor_event    0x0800108d   0x166  Code  Gb  motor_step.o [1]
isr_right_motor_event   0x080011f3   0x166  Code  Gb  motor_step.o [1]
led_group               0x08006834     0x8  Data  Gb  led.o [1]
led_status_test         0x080033a3    0x64  Code  Gb  led.o [1]
main                    0x08002abd   0x168  Code  Gb  main.o [1]
memchr                  0x08005951          Code  Gb  memchr.o [5]
memcpy                  0x08004065     0xe  Code  Gb  usart.o [1]
memset                  0x080039d7    0x14  Code  Gb  usart.o [1]
motor_all               0x0800140d   0x1ac  Code  Gb  motor_step.o [1]
motor_stop              0x080015b9    0xa6  Code  Gb  motor_step.o [1]
q_add_tail              0x08003949    0x20  Code  Gb  queue.o [1]
q_get_count             0x080039d1     0x6  Code  Gb  queue.o [1]
q_remove_all            0x080039c1    0x10  Code  Gb  queue.o [1]
q_remove_head           0x08003995    0x16  Code  Gb  queue.o [1]
q_remove_node           0x08003969    0x2c  Code  Gb  queue.o [1]
q_remove_tail           0x080039ab    0x16  Code  Gb  queue.o [1]
register_rtc_function   0x0800380d     0xc  Code  Gb  rtc.o [1]
register_timer_function
                        0x080026cd     0xc  Code  Gb  timer.o [1]
robot_adj_line_sensor   0x080016d7    0xec  Code  Gb  motor_step.o [1]
robot_adjusment         0x08001675    0x62  Code  Gb  motor_step.o [1]
robot_read_sensor       0x08002e45    0x36  Code  Gb  sensor.o [1]
robot_smooth_turn       0x08001875    0x56  Code  Gb  motor_step.o [1]
robot_turn              0x080017c3    0x62  Code  Gb  motor_step.o [1]
rtc_configuration       0x080038c5    0x56  Code  Gb  rtc.o [1]
rtc_event               0x08002987    0x58  Code  Gb  main.o [1]
run_menu_selection      0x08002a55    0x68  Code  Gb  main.o [1]
s_blink_cnt             0x20001aac     0x2  Data  Lc  main.o [1]
s_blink_service         0x20001abb     0x1  Data  Lc  main.o [1]
s_menu_level            0x20001aba     0x1  Data  Lc  main.o [1]
s_rtc_service           0x20001abc     0x1  Data  Lc  main.o [1]
s_satus_led_flag        0x20001ab0     0x2  Data  Lc  main.o [1]
s_usart1_mode           0x200001c5     0x1  Data  Lc  usart.o [1]
s_usart1_tx_q_free_cnt  0x20001ab2     0x2  Data  Lc  usart.o [1]
s_usart1_tx_q_send_cnt  0x20001ab4     0x2  Data  Lc  usart.o [1]
s_wait_cnt              0x20001aae     0x2  Data  Lc  main.o [1]
service_exit_menu       0x08002d1b     0x8  Code  Gb  main.o [1]
service_led             0x08002c25    0x10  Code  Gb  main.o [1]
service_led_exit        0x08002c85    0x10  Code  Gb  main.o [1]
service_rtc             0x08002c45    0x10  Code  Gb  main.o [1]
service_rtc_exit        0x08002d0b    0x10  Code  Gb  main.o [1]
service_rtc_start       0x08002cd7    0x1e  Code  Gb  main.o [1]
service_rtc_stop        0x08002cf5    0x16  Code  Gb  main.o [1]
service_step_motor      0x08002c55    0x10  Code  Gb  main.o [1]
service_step_motor_cruise_test
                        0x08001965     0xa  Code  Gb  motor_step.o [1]
service_step_motor_exit
                        0x0800196f     0xe  Code  Gb  motor_step.o [1]
service_step_motor_start
                        0x0800194b     0xa  Code  Gb  motor_step.o [1]
service_step_motor_stop
                        0x08001955    0x10  Code  Gb  motor_step.o [1]
service_tim2_stop       0x08002cb1    0x16  Code  Gb  main.o [1]
service_tim2_ticktime   0x08002c95    0x1c  Code  Gb  main.o [1]
service_timer           0x08002c35    0x10  Code  Gb  main.o [1]
service_timer_exit      0x08002cc7    0x10  Code  Gb  main.o [1]
service_user_led_off    0x08002c75    0x10  Code  Gb  main.o [1]
service_user_led_on     0x08002c65    0x10  Code  Gb  main.o [1]
step_motor_angle        0x080013dd    0x30  Code  Gb  motor_step.o [1]
step_motor_direction    0x08001359    0x60  Code  Gb  motor_step.o [1]
step_motor_enable       0x080013b9    0x24  Code  Gb  motor_step.o [1]
step_motor_toque_off    0x0800165f    0x16  Code  Gb  motor_step.o [1]
strchr                  0x08005939          Code  Gb  strchr.o [5]
strlen                  0x08004075          Code  Gb  strlen.o [5]
test_func_robot_smooth_turn
                        0x080018cb    0x80  Code  Gb  motor_step.o [1]
test_func_robot_turn    0x08001825    0x50  Code  Gb  motor_step.o [1]
tim_display             0x08002d23    0x46  Code  Gb  main.o [1]
time_adjust             0x0800391b    0x14  Code  Gb  rtc.o [1]
time_regulate           0x0800392f    0x1a  Code  Gb  rtc.o [1]
time_show               0x08002d69     0xc  Code  Gb  main.o [1]
timer2_event            0x08002911    0x76  Code  Gb  main.o [1]
usart1_dma_transfering  0x20001ab6     0x2  Data  Gb  usart.o [1]
usart1_get_data         0x0800314f    0x48  Code  Gb  usart.o [1]
usart1_transmit_string  0x0800300f     0xc  Code  Gb  usart.o [1]
usart1_transmit_string_format
                        0x0800301b    0x20  Code  Gb  usart.o [1]
usart1_tx_proc          0x08002f33    0x46  Code  Gb  usart.o [1]
usart_format_buff       0x200018e8    0x80  Data  Lc  usart.o [1]
usart_is_ne             0x08003131    0x1e  Code  Gb  usart.o [1]
usart_transmit_byte     0x08002f19    0x1a  Code  Gb  usart.o [1]
usart_transmit_string   0x08002f79    0x96  Code  Gb  usart.o [1]
vsprintf                0x080040ad    0x2c  Code  Gb  vsprintf.o [3]
wait_10ms               0x080028b9    0x16  Code  Gb  main.o [1]
wait_1ms                0x080028cf    0x42  Code  Gb  main.o [1]
welcome                 0x080029df    0x2c  Code  Gb  main.o [1]


[1] = D:\Mylife\GSR\ST\src\STM32F103RB_GSR_JIN_TEST\prj\EWARMv6\Debug\Obj
[2] = command line
[3] = dl7M_tln.a
[4] = m7M_tl.a
[5] = rt7M_tl.a
[6] = shb_l.a

  19 828 bytes of readonly  code memory
   7 383 bytes of readonly  data memory
   7 869 bytes of readwrite data memory

Errors: none
Warnings: none
