###############################################################################
#                                                                             #
# IAR ELF Linker V6.30.1.53127/W32 for ARM              26/May/2013  04:59:27 #
# Copyright 2007-2011 IAR Systems AB.                                         #
#                                                                             #
#    Output file  =  D:\Mylife\GSR\ST\src\STM32F103RB_GSR_JIN_TEST\prj\EWARMv #
#                    6\Debug\Exe\stm32_core.out                               #
#    Map file     =  D:\Mylife\GSR\ST\src\STM32F103RB_GSR_JIN_TEST\prj\EWARMv #
#                    6\Debug\List\stm32_core.map                              #
#    Command line =  D:\Mylife\GSR\ST\src\STM32F103RB_GSR_JIN_TEST\prj\EWARMv #
#                    6\Debug\Obj\core_cm3.o D:\Mylife\GSR\ST\src\STM32F103RB_ #
#                    GSR_JIN_TEST\prj\EWARMv6\Debug\Obj\hw_config.o           #
#                    D:\Mylife\GSR\ST\src\STM32F103RB_GSR_JIN_TEST\prj\EWARMv #
#                    6\Debug\Obj\led.o D:\Mylife\GSR\ST\src\STM32F103RB_GSR_J #
#                    IN_TEST\prj\EWARMv6\Debug\Obj\main.o                     #
#                    D:\Mylife\GSR\ST\src\STM32F103RB_GSR_JIN_TEST\prj\EWARMv #
#                    6\Debug\Obj\misc.o D:\Mylife\GSR\ST\src\STM32F103RB_GSR_ #
#                    JIN_TEST\prj\EWARMv6\Debug\Obj\motor_step.o              #
#                    D:\Mylife\GSR\ST\src\STM32F103RB_GSR_JIN_TEST\prj\EWARMv #
#                    6\Debug\Obj\queue.o D:\Mylife\GSR\ST\src\STM32F103RB_GSR #
#                    _JIN_TEST\prj\EWARMv6\Debug\Obj\rtc.o                    #
#                    D:\Mylife\GSR\ST\src\STM32F103RB_GSR_JIN_TEST\prj\EWARMv #
#                    6\Debug\Obj\startup_stm32f10x_md.o                       #
#                    D:\Mylife\GSR\ST\src\STM32F103RB_GSR_JIN_TEST\prj\EWARMv #
#                    6\Debug\Obj\stm32f10x_adc.o                              #
#                    D:\Mylife\GSR\ST\src\STM32F103RB_GSR_JIN_TEST\prj\EWARMv #
#                    6\Debug\Obj\stm32f10x_bkp.o                              #
#                    D:\Mylife\GSR\ST\src\STM32F103RB_GSR_JIN_TEST\prj\EWARMv #
#                    6\Debug\Obj\stm32f10x_can.o                              #
#                    D:\Mylife\GSR\ST\src\STM32F103RB_GSR_JIN_TEST\prj\EWARMv #
#                    6\Debug\Obj\stm32f10x_crc.o                              #
#                    D:\Mylife\GSR\ST\src\STM32F103RB_GSR_JIN_TEST\prj\EWARMv #
#                    6\Debug\Obj\stm32f10x_dac.o                              #
#                    D:\Mylife\GSR\ST\src\STM32F103RB_GSR_JIN_TEST\prj\EWARMv #
#                    6\Debug\Obj\stm32f10x_dbgmcu.o                           #
#                    D:\Mylife\GSR\ST\src\STM32F103RB_GSR_JIN_TEST\prj\EWARMv #
#                    6\Debug\Obj\stm32f10x_dma.o                              #
#                    D:\Mylife\GSR\ST\src\STM32F103RB_GSR_JIN_TEST\prj\EWARMv #
#                    6\Debug\Obj\stm32f10x_exti.o                             #
#                    D:\Mylife\GSR\ST\src\STM32F103RB_GSR_JIN_TEST\prj\EWARMv #
#                    6\Debug\Obj\stm32f10x_flash.o                            #
#                    D:\Mylife\GSR\ST\src\STM32F103RB_GSR_JIN_TEST\prj\EWARMv #
#                    6\Debug\Obj\stm32f10x_fsmc.o                             #
#                    D:\Mylife\GSR\ST\src\STM32F103RB_GSR_JIN_TEST\prj\EWARMv #
#                    6\Debug\Obj\stm32f10x_gpio.o                             #
#                    D:\Mylife\GSR\ST\src\STM32F103RB_GSR_JIN_TEST\prj\EWARMv #
#                    6\Debug\Obj\stm32f10x_i2c.o                              #
#                    D:\Mylife\GSR\ST\src\STM32F103RB_GSR_JIN_TEST\prj\EWARMv #
#                    6\Debug\Obj\stm32f10x_it.o D:\Mylife\GSR\ST\src\STM32F10 #
#                    3RB_GSR_JIN_TEST\prj\EWARMv6\Debug\Obj\stm32f10x_iwdg.o  #
#                    D:\Mylife\GSR\ST\src\STM32F103RB_GSR_JIN_TEST\prj\EWARMv #
#                    6\Debug\Obj\stm32f10x_pwr.o                              #
#                    D:\Mylife\GSR\ST\src\STM32F103RB_GSR_JIN_TEST\prj\EWARMv #
#                    6\Debug\Obj\stm32f10x_rcc.o                              #
#                    D:\Mylife\GSR\ST\src\STM32F103RB_GSR_JIN_TEST\prj\EWARMv #
#                    6\Debug\Obj\stm32f10x_rtc.o                              #
#                    D:\Mylife\GSR\ST\src\STM32F103RB_GSR_JIN_TEST\prj\EWARMv #
#                    6\Debug\Obj\stm32f10x_sdio.o                             #
#                    D:\Mylife\GSR\ST\src\STM32F103RB_GSR_JIN_TEST\prj\EWARMv #
#                    6\Debug\Obj\stm32f10x_spi.o                              #
#                    D:\Mylife\GSR\ST\src\STM32F103RB_GSR_JIN_TEST\prj\EWARMv #
#                    6\Debug\Obj\stm32f10x_tim.o                              #
#                    D:\Mylife\GSR\ST\src\STM32F103RB_GSR_JIN_TEST\prj\EWARMv #
#                    6\Debug\Obj\stm32f10x_usart.o                            #
#                    D:\Mylife\GSR\ST\src\STM32F103RB_GSR_JIN_TEST\prj\EWARMv #
#                    6\Debug\Obj\stm32f10x_wwdg.o                             #
#                    D:\Mylife\GSR\ST\src\STM32F103RB_GSR_JIN_TEST\prj\EWARMv #
#                    6\Debug\Obj\system_stm32f10x.o                           #
#                    D:\Mylife\GSR\ST\src\STM32F103RB_GSR_JIN_TEST\prj\EWARMv #
#                    6\Debug\Obj\timer.o D:\Mylife\GSR\ST\src\STM32F103RB_GSR #
#                    _JIN_TEST\prj\EWARMv6\Debug\Obj\usart.o --redirect       #
#                    _Printf=_PrintfSmall --redirect _Scanf=_ScanfSmall -o    #
#                    D:\Mylife\GSR\ST\src\STM32F103RB_GSR_JIN_TEST\prj\EWARMv #
#                    6\Debug\Exe\stm32_core.out --map                         #
#                    D:\Mylife\GSR\ST\src\STM32F103RB_GSR_JIN_TEST\prj\EWARMv #
#                    6\Debug\List\stm32_core.map --config                     #
#                    D:\Mylife\GSR\ST\src\STM32F103RB_GSR_JIN_TEST\prj\EWARMv #
#                    6\stm32f10x_flash.icf --semihosting --entry              #
#                    __iar_program_start --vfe                                #
#                                                                             #
#                                                                             #
###############################################################################

*******************************************************************************
*** RUNTIME MODEL ATTRIBUTES
***

CppFlavor       = *
__SystemLibrary = DLib


*******************************************************************************
*** PLACEMENT SUMMARY
***

"A1":  place at 0x08000000 { ro section .intvec };
"P1":  place in [from 0x08000000 to 0x080fffff] { ro };
"P2":  place in [from 0x20000000 to 0x20017fff] { rw, block CSTACK, block HEAP };

  Section            Kind        Address    Size  Object
  -------            ----        -------    ----  ------
"A1":                                       0xec
  .intvec            ro code  0x08000000    0xec  startup_stm32f10x_md.o [1]
                            - 0x080000ec    0xec

"P1":                                     0x2b5c
  .text              ro code  0x080000ec   0x4a4  xprintfsmall.o [3]
  .text              ro code  0x08000590    0x16  strchr.o [4]
  .text              ro code  0x080005a6    0x22  zero_init3.o [4]
  .text              ro code  0x080005c8    0x36  strlen.o [4]
  .text              ro code  0x080005fe     0xa  xsprout.o [3]
  .text              ro code  0x08000608    0x58  memchr.o [4]
  .text              ro code  0x08000660   0x464  main.o [1]
  .text              ro code  0x08000ac4   0x1d0  led.o [1]
  .text              ro code  0x08000c94    0xf8  stm32f10x_rtc.o [1]
  .text              ro code  0x08000d8c   0x10c  stm32f10x_gpio.o [1]
  .text              ro code  0x08000e98   0x364  usart.o [1]
  .text              ro code  0x080011fc   0x152  hw_config.o [1]
  .text              ro code  0x08001350   0x1d0  motor_step.o [1]
  .text              ro code  0x08001520   0x154  timer.o [1]
  .text              ro code  0x08001674   0x13c  rtc.o [1]
  .text              ro code  0x080017b0    0x8e  queue.o [1]
  .text              ro code  0x0800183e    0x14  usart.o [1]
  .text              ro code  0x08001854   0x1e4  stm32f10x_usart.o [1]
  .text              ro code  0x08001a38     0xe  usart.o [1]
  .text              ro code  0x08001a48    0x2c  vsprintf.o [3]
  .text              ro code  0x08001a74    0x98  misc.o [1]
  .text              ro code  0x08001b0c   0x340  stm32f10x_rcc.o [1]
  .text              ro code  0x08001e4c    0x3c  stm32f10x_flash.o [1]
  .text              ro code  0x08001e88   0x104  stm32f10x_tim.o [1]
  .text              ro code  0x08001f8c    0x4c  stm32f10x_bkp.o [1]
  .text              ro code  0x08001fd8     0xc  stm32f10x_pwr.o [1]
  .text              ro code  0x08001fe4    0x66  ABImemset.o [4]
  .text              ro code  0x0800204c    0x76  ABImemcpy.o [4]
  .text              ro code  0x080020c4   0x15c  system_stm32f10x.o [1]
  .text              ro code  0x08002220    0xa0  packbits_init3.o [4]
  .rodata            const    0x080022c0    0x54  main.o [1]
  .rodata            const    0x08002314    0x54  main.o [1]
  .rodata            const    0x08002368    0x48  main.o [1]
  .rodata            const    0x080023b0    0x40  main.o [1]
  .rodata            const    0x080023f0    0x30  main.o [1]
  .rodata            const    0x08002420    0x2c  main.o [1]
  .text              ro code  0x0800244c    0x2c  data_init3.o [4]
  .rodata            const    0x08002478    0x28  main.o [1]
  .rodata            const    0x080024a0    0x28  motor_step.o [1]
  .rodata            const    0x080024c8    0x24  rtc.o [1]
  .rodata            const    0x080024ec    0x24  rtc.o [1]
  .iar.init_table    const    0x08002510    0x2c  - Linker created -
  .rodata            const    0x0800253c    0x20  main.o [1]
  .rodata            const    0x0800255c    0x20  main.o [1]
  .rodata            const    0x0800257c    0x20  main.o [1]
  .rodata            const    0x0800259c    0x20  motor_step.o [1]
  .rodata            const    0x080025bc    0x20  motor_step.o [1]
  .rodata            const    0x080025dc    0x20  motor_step.o [1]
  .rodata            const    0x080025fc    0x20  rtc.o [1]
  .rodata            const    0x0800261c    0x20  rtc.o [1]
  .rodata            const    0x0800263c    0x1c  main.o [1]
  .rodata            const    0x08002658    0x1c  main.o [1]
  .rodata            const    0x08002674    0x1c  main.o [1]
  .rodata            const    0x08002690    0x1c  main.o [1]
  .rodata            const    0x080026ac    0x1c  main.o [1]
  .rodata            const    0x080026c8    0x1c  main.o [1]
  .rodata            const    0x080026e4    0x1c  main.o [1]
  .rodata            const    0x08002700    0x1c  main.o [1]
  .rodata            const    0x0800271c    0x1c  main.o [1]
  .rodata            const    0x08002738    0x18  main.o [1]
  .rodata            const    0x08002750    0x18  main.o [1]
  .rodata            const    0x08002768    0x18  main.o [1]
  .rodata            const    0x08002780    0x18  main.o [1]
  .rodata            const    0x08002798    0x18  main.o [1]
  .rodata            const    0x080027b0    0x18  main.o [1]
  .rodata            const    0x080027c8    0x18  main.o [1]
  .rodata            const    0x080027e0    0x18  main.o [1]
  .rodata            const    0x080027f8    0x18  main.o [1]
  .rodata            const    0x08002810    0x18  main.o [1]
  .rodata            const    0x08002828    0x18  main.o [1]
  .rodata            const    0x08002840    0x18  main.o [1]
  .rodata            const    0x08002858    0x18  main.o [1]
  .rodata            const    0x08002870    0x18  main.o [1]
  .rodata            const    0x08002888    0x18  rtc.o [1]
  .text              ro code  0x080028a0    0x18  stm32f10x_it.o [1]
  .text              ro code  0x080028b8    0x16  cmain.o [4]
  .text              ro code  0x080028ce     0x4  low_level_init.o [3]
  .text              ro code  0x080028d2     0x4  exit.o [3]
  .text              ro code  0x080028d8     0xa  cexit.o [4]
  .text              ro code  0x080028e4    0x14  exit.o [5]
  .rodata            const    0x080028f8    0x14  main.o [1]
  .rodata            const    0x0800290c    0x14  main.o [1]
  .rodata            const    0x08002920    0x14  main.o [1]
  .rodata            const    0x08002934    0x14  main.o [1]
  .rodata            const    0x08002948    0x14  main.o [1]
  .rodata            const    0x0800295c    0x14  main.o [1]
  .rodata            const    0x08002970    0x14  main.o [1]
  .rodata            const    0x08002984    0x14  main.o [1]
  .rodata            const    0x08002998    0x14  main.o [1]
  .rodata            const    0x080029ac    0x14  main.o [1]
  .rodata            const    0x080029c0    0x14  main.o [1]
  .rodata            const    0x080029d4    0x10  main.o [1]
  .text              ro code  0x080029e4    0x10  startup_stm32f10x_md.o [1]
  .rodata            const    0x080029f4     0xc  main.o [1]
  .text              ro code  0x08002a00     0xc  cstartup_M.o [4]
  .rodata            const    0x08002a0c     0x8  led.o [1]
  .text              ro code  0x08002a14     0x4  startup_stm32f10x_md.o [1]
  .text              ro code  0x08002a18     0x4  startup_stm32f10x_md.o [1]
  .text              ro code  0x08002a1c     0x4  startup_stm32f10x_md.o [1]
  .text              ro code  0x08002a20     0x4  startup_stm32f10x_md.o [1]
  .text              ro code  0x08002a24     0x4  startup_stm32f10x_md.o [1]
  .text              ro code  0x08002a28     0x4  startup_stm32f10x_md.o [1]
  .text              ro code  0x08002a2c     0x4  startup_stm32f10x_md.o [1]
  .text              ro code  0x08002a30     0x4  startup_stm32f10x_md.o [1]
  .text              ro code  0x08002a34     0x4  startup_stm32f10x_md.o [1]
  .text              ro code  0x08002a38     0x4  startup_stm32f10x_md.o [1]
  .text              ro code  0x08002a3c     0x4  startup_stm32f10x_md.o [1]
  .text              ro code  0x08002a40     0x4  startup_stm32f10x_md.o [1]
  .text              ro code  0x08002a44     0x4  startup_stm32f10x_md.o [1]
  .text              ro code  0x08002a48     0x4  startup_stm32f10x_md.o [1]
  .text              ro code  0x08002a4c     0x4  startup_stm32f10x_md.o [1]
  .text              ro code  0x08002a50     0x4  startup_stm32f10x_md.o [1]
  .text              ro code  0x08002a54     0x4  startup_stm32f10x_md.o [1]
  .text              ro code  0x08002a58     0x4  startup_stm32f10x_md.o [1]
  .text              ro code  0x08002a5c     0x4  startup_stm32f10x_md.o [1]
  .text              ro code  0x08002a60     0x4  startup_stm32f10x_md.o [1]
  .text              ro code  0x08002a64     0x4  startup_stm32f10x_md.o [1]
  .text              ro code  0x08002a68     0x4  startup_stm32f10x_md.o [1]
  .text              ro code  0x08002a6c     0x4  startup_stm32f10x_md.o [1]
  .text              ro code  0x08002a70     0x4  startup_stm32f10x_md.o [1]
  .text              ro code  0x08002a74     0x4  startup_stm32f10x_md.o [1]
  .text              ro code  0x08002a78     0x4  startup_stm32f10x_md.o [1]
  .text              ro code  0x08002a7c     0x4  startup_stm32f10x_md.o [1]
  .text              ro code  0x08002a80     0x4  startup_stm32f10x_md.o [1]
  .text              ro code  0x08002a84     0x4  startup_stm32f10x_md.o [1]
  .text              ro code  0x08002a88     0x4  startup_stm32f10x_md.o [1]
  .text              ro code  0x08002a8c     0x4  startup_stm32f10x_md.o [1]
  .text              ro code  0x08002a90     0x4  startup_stm32f10x_md.o [1]
  .text              ro code  0x08002a94     0x4  startup_stm32f10x_md.o [1]
  .text              ro code  0x08002a98     0x4  startup_stm32f10x_md.o [1]
  .text              ro code  0x08002a9c     0x4  startup_stm32f10x_md.o [1]
  .text              ro code  0x08002aa0     0x4  startup_stm32f10x_md.o [1]
  .text              ro code  0x08002aa4     0x4  startup_stm32f10x_md.o [1]
  .text              ro code  0x08002aa8     0x4  startup_stm32f10x_md.o [1]
  .text              ro code  0x08002aac     0x4  startup_stm32f10x_md.o [1]
  .text              ro code  0x08002ab0     0x4  startup_stm32f10x_md.o [1]
  .text              ro code  0x08002ab4     0x4  startup_stm32f10x_md.o [1]
  .text              ro code  0x08002ab8     0x4  startup_stm32f10x_md.o [1]
  .text              ro code  0x08002abc     0x4  startup_stm32f10x_md.o [1]
  .text              ro code  0x08002ac0     0x4  startup_stm32f10x_md.o [1]
  .text              ro code  0x08002ac4     0x4  startup_stm32f10x_md.o [1]
  .text              ro code  0x08002ac8     0x4  startup_stm32f10x_md.o [1]
  .text              ro code  0x08002acc     0x4  startup_stm32f10x_md.o [1]
  .text              ro code  0x08002ad0     0x4  startup_stm32f10x_md.o [1]
  .text              ro code  0x08002ad4     0x4  startup_stm32f10x_md.o [1]
  .text              ro code  0x08002ad8     0x4  startup_stm32f10x_md.o [1]
  .text              ro code  0x08002adc     0x4  startup_stm32f10x_md.o [1]
  .text              ro code  0x08002ae0     0x4  startup_stm32f10x_md.o [1]
  .rodata            const    0x08002ae4     0x0  bwt_init3c.o [4]
  Initializer bytes  ro data  0x08002ae4   0x161  <for P2 s0>
                            - 0x08002c45  0x2b59

"P2", part 1 of 3:                         0x1e8
  P2 s0                       0x20000000   0x1e6  <Init block>
    .data            inited   0x20000000   0x190  main.o [1]
    .data            inited   0x20000190    0x20  motor_step.o [1]
    .data            inited   0x200001b0    0x20  timer.o [1]
    .data            inited   0x200001d0    0x10  stm32f10x_rcc.o [1]
    .data            inited   0x200001e0     0x4  stm32f10x_rcc.o [1]
    .data            inited   0x200001e4     0x1  led.o [1]
    .data            inited   0x200001e5     0x1  usart.o [1]
                            - 0x200001e6   0x1e6

"P2", part 2 of 3:                        0x18c8
  .bss               zero     0x200001e8  0x1000  usart.o [1]
  .bss               zero     0x200011e8   0x400  usart.o [1]
  .bss               zero     0x200015e8   0x280  usart.o [1]
  .bss               zero     0x20001868    0xa0  usart.o [1]
  .bss               zero     0x20001908    0x80  usart.o [1]
  .bss               zero     0x20001988    0x44  usart.o [1]
  .bss               zero     0x200019cc    0x40  usart.o [1]
  .bss               zero     0x20001a0c    0x40  usart.o [1]
  .bss               zero     0x20001a4c    0x10  usart.o [1]
  .bss               zero     0x20001a5c    0x10  usart.o [1]
  .bss               zero     0x20001a6c    0x10  usart.o [1]
  .bss               zero     0x20001a7c    0x10  usart.o [1]
  .bss               zero     0x20001a8c     0x8  rtc.o [1]
  .bss               zero     0x20001a94     0x2  main.o [1]
  .bss               zero     0x20001a96     0x2  main.o [1]
  .bss               zero     0x20001a98     0x2  main.o [1]
  .bss               zero     0x20001a9a     0x2  main.o [1]
  .bss               zero     0x20001a9c     0x2  motor_step.o [1]
  .bss               zero     0x20001a9e     0x2  motor_step.o [1]
  .bss               zero     0x20001aa0     0x2  motor_step.o [1]
  .bss               zero     0x20001aa2     0x2  usart.o [1]
  .bss               zero     0x20001aa4     0x2  usart.o [1]
  .bss               zero     0x20001aa6     0x2  usart.o [1]
  .bss               zero     0x20001aa8     0x1  hw_config.o [1]
  .bss               zero     0x20001aa9     0x1  led.o [1]
  .bss               zero     0x20001aaa     0x1  main.o [1]
  .bss               zero     0x20001aab     0x1  main.o [1]
  .bss               zero     0x20001aac     0x1  main.o [1]
  .bss               zero     0x20001aad     0x1  motor_step.o [1]
                            - 0x20001aae  0x18c6

"P2", part 3 of 3:                         0x400
  CSTACK                      0x20001ab0   0x400  <Block>
    CSTACK           uninit   0x20001ab0   0x400  <Block tail>
                            - 0x20001eb0   0x400


*******************************************************************************
*** INIT TABLE
***

          Address     Size
          -------     ----
Zero (__iar_zero_init3)
    1 destination range, total size 0x18c6:
          0x200001e8  0x18c6

Copy/packbits (__iar_packbits_init3)
    1 source range, total size 0x161 (72% of destination):
          0x08002ae4   0x161
    1 destination range, total size 0x1e6:
          0x20000000   0x1e6



*******************************************************************************
*** MODULE SUMMARY
***

    Module                  ro code  ro data  rw data
    ------                  -------  -------  -------
D:\Mylife\GSR\ST\src\STM32F103RB_GSR_JIN_TEST\prj\EWARMv6\Debug\Obj: [1]
    hw_config.o                 338                 1
    led.o                       464        9        2
    main.o                    1 124    1 658      411
    misc.o                      152
    motor_step.o                464      159       39
    queue.o                     142
    rtc.o                       316      160        8
    startup_stm32f10x_md.o      460
    stm32f10x_bkp.o              76
    stm32f10x_flash.o            60
    stm32f10x_gpio.o            268
    stm32f10x_it.o               24
    stm32f10x_pwr.o              12
    stm32f10x_rcc.o             832       14       20
    stm32f10x_rtc.o             248
    stm32f10x_tim.o             260
    stm32f10x_usart.o           484
    system_stm32f10x.o          348
    timer.o                     340       24       32
    usart.o                     902        1    6 315
    -------------------------------------------------
    Total:                    7 314    2 025    6 828

command line: [2]
    -------------------------------------------------
    Total:

dl7M_tln.a: [3]
    exit.o                        4
    low_level_init.o              4
    vsprintf.o                   44
    xprintfsmall.o            1 188
    xsprout.o                    10
    -------------------------------------------------
    Total:                    1 250

rt7M_tl.a: [4]
    ABImemcpy.o                 118
    ABImemset.o                 102
    bwt_init3c.o
    cexit.o                      10
    cmain.o                      22
    cstartup_M.o                 12
    data_init3.o                 44
    memchr.o                     88
    packbits_init3.o            160
    strchr.o                     22
    strlen.o                     54
    zero_init3.o                 34
    -------------------------------------------------
    Total:                      666

shb_l.a: [5]
    exit.o                       20
    -------------------------------------------------
    Total:                       20

    Gaps                         14
    Linker created                        44    1 024
-----------------------------------------------------
    Grand Total:              9 264    2 069    7 852


*******************************************************************************
*** ENTRY LIST
***

Entry                      Address    Size  Type      Object
-----                      -------    ----  ----      ------
?main                   0x080028b9          Code  Gb  cmain.o [4]
ADC1_2_IRQHandler       0x08002a81          Code  Wk  startup_stm32f10x_md.o [1]
ADCPrescTable           0x200001e0     0x4  Data  Lc  stm32f10x_rcc.o [1]
APBAHBPrescTable        0x200001d0    0x10  Data  Lc  stm32f10x_rcc.o [1]
BKP_DeInit              0x08001f8d    0x10  Code  Gb  stm32f10x_bkp.o [1]
BKP_ReadBackupRegister  0x08001fb9    0x1a  Code  Gb  stm32f10x_bkp.o [1]
BKP_WriteBackupRegister
                        0x08001f9d    0x1c  Code  Gb  stm32f10x_bkp.o [1]
BusFault_Handler        0x080028a7     0x2  Code  Gb  stm32f10x_it.o [1]
CAN1_RX1_IRQHandler     0x08002a8d          Code  Wk  startup_stm32f10x_md.o [1]
CAN1_SCE_IRQHandler     0x08002a91          Code  Wk  startup_stm32f10x_md.o [1]
CSTACK$$Base            0x20001ab0           --   Gb  - Linker created -
CSTACK$$Limit           0x20001eb0           --   Gb  - Linker created -
DMA1_Channel1_IRQHandler
                        0x08002a65          Code  Wk  startup_stm32f10x_md.o [1]
DMA1_Channel2_IRQHandler
                        0x08002a69          Code  Wk  startup_stm32f10x_md.o [1]
DMA1_Channel3_IRQHandler
                        0x08002a6d          Code  Wk  startup_stm32f10x_md.o [1]
DMA1_Channel4_IRQHandler
                        0x08002a71          Code  Wk  startup_stm32f10x_md.o [1]
DMA1_Channel5_IRQHandler
                        0x08002a75          Code  Wk  startup_stm32f10x_md.o [1]
DMA1_Channel6_IRQHandler
                        0x08002a79          Code  Wk  startup_stm32f10x_md.o [1]
DMA1_Channel7_IRQHandler
                        0x08002a7d          Code  Wk  startup_stm32f10x_md.o [1]
DebugMon_Handler        0x080028ad     0x2  Code  Gb  stm32f10x_it.o [1]
EXTI0_IRQHandler        0x08002a51          Code  Wk  startup_stm32f10x_md.o [1]
EXTI15_10_IRQHandler    0x08002ad9          Code  Wk  startup_stm32f10x_md.o [1]
EXTI1_IRQHandler        0x08002a55          Code  Wk  startup_stm32f10x_md.o [1]
EXTI2_IRQHandler        0x08002a59          Code  Wk  startup_stm32f10x_md.o [1]
EXTI3_IRQHandler        0x08002a5d          Code  Wk  startup_stm32f10x_md.o [1]
EXTI4_IRQHandler        0x08002a61          Code  Wk  startup_stm32f10x_md.o [1]
EXTI9_5_IRQHandler      0x080028b5     0x2  Code  Gb  stm32f10x_it.o [1]
FLASH_IRQHandler        0x08002a49          Code  Wk  startup_stm32f10x_md.o [1]
FLASH_PrefetchBufferCmd
                        0x08001e65    0x20  Code  Gb  stm32f10x_flash.o [1]
FLASH_SetLatency        0x08001e4d    0x18  Code  Gb  stm32f10x_flash.o [1]
GPIO_Init               0x08000d8d    0xcc  Code  Gb  stm32f10x_gpio.o [1]
GPIO_ReadOutputData     0x08000e6f     0x6  Code  Gb  stm32f10x_gpio.o [1]
GPIO_ReadOutputDataBit  0x08000e59    0x16  Code  Gb  stm32f10x_gpio.o [1]
GPIO_ResetBits          0x08000e7b     0x6  Code  Gb  stm32f10x_gpio.o [1]
GPIO_SetBits            0x08000e75     0x6  Code  Gb  stm32f10x_gpio.o [1]
GPIO_Write              0x08000e93     0x6  Code  Gb  stm32f10x_gpio.o [1]
GPIO_WriteBit           0x08000e81    0x12  Code  Gb  stm32f10x_gpio.o [1]
HSEStartUpStatus        0x20001aa8     0x1  Data  Gb  hw_config.o [1]
HardFault_Handler       0x080028a3     0x2  Code  Gb  stm32f10x_it.o [1]
I2C1_ER_IRQHandler      0x08002ab9          Code  Wk  startup_stm32f10x_md.o [1]
I2C1_EV_IRQHandler      0x08002ab5          Code  Wk  startup_stm32f10x_md.o [1]
I2C2_ER_IRQHandler      0x08002ac1          Code  Wk  startup_stm32f10x_md.o [1]
I2C2_EV_IRQHandler      0x08002abd          Code  Wk  startup_stm32f10x_md.o [1]
MemManage_Handler       0x080028a5     0x2  Code  Gb  stm32f10x_it.o [1]
NMI_Handler             0x080028a1     0x2  Code  Gb  stm32f10x_it.o [1]
NVIC_Init               0x08001a7f    0x66  Code  Gb  misc.o [1]
NVIC_PriorityGroupConfig
                        0x08001a75     0xa  Code  Gb  misc.o [1]
NVIC_SetVectorTable     0x08001ae5     0xc  Code  Gb  misc.o [1]
PVD_IRQHandler          0x08002a3d          Code  Wk  startup_stm32f10x_md.o [1]
PWR_BackupAccessCmd     0x08001fd9     0x8  Code  Gb  stm32f10x_pwr.o [1]
PendSV_Handler          0x080028af     0x2  Code  Gb  stm32f10x_it.o [1]
RCC_APB1PeriphClockCmd  0x08001d93    0x20  Code  Gb  stm32f10x_rcc.o [1]
RCC_APB2PeriphClockCmd  0x08001d73    0x20  Code  Gb  stm32f10x_rcc.o [1]
RCC_BackupResetCmd      0x08001db3     0x8  Code  Gb  stm32f10x_rcc.o [1]
RCC_ClearFlag           0x08001dff     0xe  Code  Gb  stm32f10x_rcc.o [1]
RCC_DeInit              0x08001b0d    0x60  Code  Gb  stm32f10x_rcc.o [1]
RCC_GetClocksFreq       0x08001cb3    0xc0  Code  Gb  stm32f10x_rcc.o [1]
RCC_GetFlagStatus       0x08001dbb    0x44  Code  Gb  stm32f10x_rcc.o [1]
RCC_GetSYSCLKSource     0x08001c2d     0xa  Code  Gb  stm32f10x_rcc.o [1]
RCC_HCLKConfig          0x08001c37    0x14  Code  Gb  stm32f10x_rcc.o [1]
RCC_HSEConfig           0x08001b6d    0x54  Code  Gb  stm32f10x_rcc.o [1]
RCC_IRQHandler          0x08002a4d          Code  Wk  startup_stm32f10x_md.o [1]
RCC_LSEConfig           0x08001c75    0x2a  Code  Gb  stm32f10x_rcc.o [1]
RCC_PCLK1Config         0x08001c4b    0x14  Code  Gb  stm32f10x_rcc.o [1]
RCC_PCLK2Config         0x08001c5f    0x16  Code  Gb  stm32f10x_rcc.o [1]
RCC_PLLCmd              0x08001c11     0x8  Code  Gb  stm32f10x_rcc.o [1]
RCC_PLLConfig           0x08001bfb    0x16  Code  Gb  stm32f10x_rcc.o [1]
RCC_RTCCLKCmd           0x08001cab     0x8  Code  Gb  stm32f10x_rcc.o [1]
RCC_RTCCLKConfig        0x08001c9f     0xc  Code  Gb  stm32f10x_rcc.o [1]
RCC_SYSCLKConfig        0x08001c19    0x14  Code  Gb  stm32f10x_rcc.o [1]
RCC_WaitForHSEStartUp   0x08001bc1    0x3a  Code  Gb  stm32f10x_rcc.o [1]
RTCAlarm_IRQHandler     0x08002add          Code  Wk  startup_stm32f10x_md.o [1]
RTC_ClearITPendingBit   0x08000d65     0xe  Code  Gb  stm32f10x_rtc.o [1]
RTC_EnterConfigMode     0x08000cb5     0xe  Code  Gb  stm32f10x_rtc.o [1]
RTC_ExitConfigMode      0x08000cc3    0x10  Code  Gb  stm32f10x_rtc.o [1]
RTC_GetCounter          0x08000cd3    0x16  Code  Gb  stm32f10x_rtc.o [1]
RTC_GetITStatus         0x08000d3f    0x26  Code  Gb  stm32f10x_rtc.o [1]
RTC_IRQHandler          0x08001681    0x26  Code  Gb  rtc.o [1]
RTC_ITConfig            0x08000c95    0x20  Code  Gb  stm32f10x_rtc.o [1]
RTC_SetCounter          0x08000ce9    0x18  Code  Gb  stm32f10x_rtc.o [1]
RTC_SetPrescaler        0x08000d01    0x1c  Code  Gb  stm32f10x_rtc.o [1]
RTC_WaitForLastTask     0x08000d1d     0xa  Code  Gb  stm32f10x_rtc.o [1]
RTC_WaitForSynchro      0x08000d27    0x18  Code  Gb  stm32f10x_rtc.o [1]
Region$$Table$$Base     0x08002510           --   Gb  - Linker created -
Region$$Table$$Limit    0x0800253c           --   Gb  - Linker created -
Reset_Handler           0x080029e5          Code  Wk  startup_stm32f10x_md.o [1]
SPI1_IRQHandler         0x08002ac5          Code  Wk  startup_stm32f10x_md.o [1]
SPI2_IRQHandler         0x08002ac9          Code  Wk  startup_stm32f10x_md.o [1]
SVC_Handler             0x080028ab     0x2  Code  Gb  stm32f10x_it.o [1]
SetSysClock             0x08002119     0x8  Code  Lc  system_stm32f10x.o [1]
SetSysClockTo72         0x08002121    0xe0  Code  Lc  system_stm32f10x.o [1]
SysTick_Handler         0x080028b1     0x2  Code  Gb  stm32f10x_it.o [1]
SystemInit              0x080020c5    0x54  Code  Gb  system_stm32f10x.o [1]
TAMPER_IRQHandler       0x08002a41          Code  Wk  startup_stm32f10x_md.o [1]
TIM1_BRK_IRQHandler     0x08002a99          Code  Wk  startup_stm32f10x_md.o [1]
TIM1_CC_IRQHandler      0x08002aa5          Code  Wk  startup_stm32f10x_md.o [1]
TIM1_TRG_COM_IRQHandler
                        0x08002aa1          Code  Wk  startup_stm32f10x_md.o [1]
TIM1_UP_IRQHandler      0x08002a9d          Code  Wk  startup_stm32f10x_md.o [1]
TIM2_IRQHandler         0x0800152d    0x26  Code  Gb  timer.o [1]
TIM3_IRQHandler         0x080015bd    0x22  Code  Gb  timer.o [1]
TIM4_IRQHandler         0x08002ab1          Code  Wk  startup_stm32f10x_md.o [1]
TIM_ARRPreloadConfig    0x08001f61    0x1c  Code  Gb  stm32f10x_tim.o [1]
TIM_ClearFlag           0x08001f7d     0x8  Code  Gb  stm32f10x_tim.o [1]
TIM_ClearITPendingBit   0x08001f85     0x8  Code  Gb  stm32f10x_tim.o [1]
TIM_Cmd                 0x08001f2d    0x1c  Code  Gb  stm32f10x_tim.o [1]
TIM_ITConfig            0x08001f49    0x18  Code  Gb  stm32f10x_tim.o [1]
TIM_TimeBaseInit        0x08001e89    0x7c  Code  Gb  stm32f10x_tim.o [1]
USART1_IRQHandler       0x080010f5    0x54  Code  Gb  usart.o [1]
USART2_IRQHandler       0x08002ad1          Code  Wk  startup_stm32f10x_md.o [1]
USART3_IRQHandler       0x08002ad5          Code  Wk  startup_stm32f10x_md.o [1]
USART_ClearITPendingBit
                        0x08001a17    0x22  Code  Gb  stm32f10x_usart.o [1]
USART_Cmd               0x08001919    0x1c  Code  Gb  stm32f10x_usart.o [1]
USART_GetFlagStatus     0x08001997    0x1c  Code  Gb  stm32f10x_usart.o [1]
USART_GetITStatus       0x080019b3    0x64  Code  Gb  stm32f10x_usart.o [1]
USART_ITConfig          0x08001935    0x52  Code  Gb  stm32f10x_usart.o [1]
USART_Init              0x08001855    0xbe  Code  Gb  stm32f10x_usart.o [1]
USART_ReceiveData       0x0800198f     0x8  Code  Gb  stm32f10x_usart.o [1]
USART_SendData          0x08001987     0x8  Code  Gb  stm32f10x_usart.o [1]
USBWakeUp_IRQHandler    0x080028b7     0x2  Code  Gb  stm32f10x_it.o [1]
USB_HP_CAN1_TX_IRQHandler
                        0x08002a85          Code  Wk  startup_stm32f10x_md.o [1]
USB_LP_CAN1_RX0_IRQHandler
                        0x080028b3     0x2  Code  Gb  stm32f10x_it.o [1]
UsageFault_Handler      0x080028a9     0x2  Code  Gb  stm32f10x_it.o [1]
WWDG_IRQHandler         0x08002a39          Code  Wk  startup_stm32f10x_md.o [1]
_LitobSmall             0x080004b9    0xd0  Code  Lc  xprintfsmall.o [3]
_PrintfSmall            0x080000ed   0x3cc  Code  Gb  xprintfsmall.o [3]
_SProut                 0x080005ff     0xa  Code  Gb  xsprout.o [3]
__aeabi_memcpy          0x0800204d          Code  Gb  ABImemcpy.o [4]
__aeabi_memcpy4         0x0800206d          Code  Gb  ABImemcpy.o [4]
__aeabi_memcpy8         0x0800206d          Code  Gb  ABImemcpy.o [4]
__aeabi_memset          0x08001fe5          Code  Gb  ABImemset.o [4]
__cmain                 0x080028b9          Code  Gb  cmain.o [4]
__exit                  0x080028e5    0x14  Code  Gb  exit.o [5]
__iar_Memchr            0x08000609          Code  Gb  memchr.o [4]
__iar_Memset            0x08001fe5          Code  Gb  ABImemset.o [4]
__iar_Memset_word       0x08001fed          Code  Gb  ABImemset.o [4]
__iar_SB                0x08002ae4          Data  Gb  bwt_init3c.o [4]
__iar_Strchr            0x08000591          Code  Gb  strchr.o [4]
__iar_data_init3        0x0800244d    0x2c  Code  Gb  data_init3.o [4]
__iar_default_requirements$$_Printf<unknown>vsprintf {Abs}
                        0x00000000           --   Gb  vsprintf.o [3]
__iar_packbits_init3    0x08002221    0xa0  Code  Gb  packbits_init3.o [4]
__iar_program_start     0x08002a01          Code  Gb  cstartup_M.o [4]
__iar_provide$$_Printf<flags,int_specials,qualifiers,widths>_PrintfSmall {Abs}
                        0x00000000           --   Gb  xprintfsmall.o [3]
__iar_zero_init3        0x080005a7    0x22  Code  Gb  zero_init3.o [4]
__low_level_init        0x080028cf     0x4  Code  Gb  low_level_init.o [3]
__vector_table          0x08000000          Data  Gb  startup_stm32f10x_md.o [1]
_call_main              0x080028c5          Code  Gb  cmain.o [4]
_exit                   0x080028d9          Code  Gb  cexit.o [4]
_main                   0x080028cb          Code  Gb  cmain.o [4]
bsp_init_gpio           0x08001295    0x56  Code  Gb  hw_config.o [1]
bsp_init_interrupt      0x080012fd    0x52  Code  Gb  hw_config.o [1]
bsp_init_irq_usart1     0x08001053    0xa2  Code  Gb  usart.o [1]
bsp_init_rcc            0x080011fd    0x98  Code  Gb  hw_config.o [1]
bsp_init_rtc            0x080016a7    0x6e  Code  Gb  rtc.o [1]
bsp_init_timer2         0x08001553    0x6a  Code  Gb  timer.o [1]
bsp_init_timer3         0x080015df    0x66  Code  Gb  timer.o [1]
bsp_led_off             0x08000ae7    0x22  Code  Gb  led.o [1]
bsp_led_on              0x08000ac5    0x22  Code  Gb  led.o [1]
bsp_led_toggle          0x08000b09    0x5a  Code  Gb  led.o [1]
bsp_motor_timer_interrupt
                        0x08001645    0x22  Code  Gb  timer.o [1]
display_menu            0x08000787    0x40  Code  Gb  main.o [1]
exit                    0x080028d3     0x4  Code  Gb  exit.o [3]
g_isr_step_motor_10ms_cnt
                        0x20001a9e     0x2  Data  Gb  motor_step.o [1]
g_step_motor_count      0x20001a9c     0x2  Data  Gb  motor_step.o [1]
g_step_motor_intrv_time
                        0x20000190    0x20  Data  Gb  motor_step.o [1]
gbl_ar_rtc_service      0x20001a8c     0x8  Data  Gb  rtc.o [1]
gbl_ar_timer_service    0x200001b0    0x20  Data  Gb  timer.o [1]
gbl_qdata_usart1_rx_free
                        0x20001868    0xa0  Data  Gb  usart.o [1]
gbl_qdata_usart1_tx_free
                        0x200011e8   0x400  Data  Gb  usart.o [1]
gbl_qlist_usart1_rx     0x20001a6c    0x10  Data  Gb  usart.o [1]
gbl_qlist_usart1_rx_free
                        0x20001a7c    0x10  Data  Gb  usart.o [1]
gbl_qlist_usart1_tx     0x20001a4c    0x10  Data  Gb  usart.o [1]
gbl_qlist_usart1_tx_free
                        0x20001a5c    0x10  Data  Gb  usart.o [1]
gbl_service             0x20000000   0x190  Data  Gb  main.o [1]
gbl_usart1_rx_buff      0x200015e8   0x280  Data  Gb  usart.o [1]
gbl_usart1_rx_buff_dma  0x20001a0c    0x40  Data  Gb  usart.o [1]
gbl_usart1_rx_buff_proc
                        0x20001988    0x44  Data  Gb  usart.o [1]
gbl_usart1_tx_buff      0x200001e8  0x1000  Data  Gb  usart.o [1]
gbl_usart1_tx_buff_dma  0x200019cc    0x40  Data  Gb  usart.o [1]
init_usart1_buffer      0x08000e99    0x98  Code  Gb  usart.o [1]
isr_motor_event         0x08001351    0x8c  Code  Gb  motor_step.o [1]
led_group               0x08002a0c     0x8  Data  Gb  led.o [1]
led_rotate_test         0x08000b63    0xbc  Code  Gb  led.o [1]
led_status_test         0x08000c1f    0x64  Code  Gb  led.o [1]
main                    0x0800082f    0x9c  Code  Gb  main.o [1]
memchr                  0x08000609          Code  Gb  memchr.o [4]
memcpy                  0x08001a39     0xe  Code  Gb  usart.o [1]
memset                  0x0800183f    0x14  Code  Gb  usart.o [1]
q_add_tail              0x080017b1    0x20  Code  Gb  queue.o [1]
q_get_count             0x08001839     0x6  Code  Gb  queue.o [1]
q_remove_all            0x08001829    0x10  Code  Gb  queue.o [1]
q_remove_head           0x080017fd    0x16  Code  Gb  queue.o [1]
q_remove_node           0x080017d1    0x2c  Code  Gb  queue.o [1]
q_remove_tail           0x08001813    0x16  Code  Gb  queue.o [1]
register_rtc_function   0x08001675     0xc  Code  Gb  rtc.o [1]
register_timer_function
                        0x08001521     0xc  Code  Gb  timer.o [1]
rtc_configuration       0x0800172d    0x56  Code  Gb  rtc.o [1]
rtc_event               0x08000715    0x50  Code  Gb  main.o [1]
run_menu_selection      0x080007c7    0x68  Code  Gb  main.o [1]
s_blink_cnt             0x20001a94     0x2  Data  Lc  main.o [1]
s_blink_service         0x20001aab     0x1  Data  Lc  main.o [1]
s_delay_cnt             0x20001a98     0x2  Data  Lc  main.o [1]
s_menu_level            0x20001aaa     0x1  Data  Lc  main.o [1]
s_motor_action          0x20001aad     0x1  Data  Lc  motor_step.o [1]
s_rtc_service           0x20001aac     0x1  Data  Lc  main.o [1]
s_satus_led_flag        0x20001a9a     0x2  Data  Lc  main.o [1]
s_usart1_mode           0x200001e5     0x1  Data  Lc  usart.o [1]
s_usart1_tx_q_free_cnt  0x20001aa2     0x2  Data  Lc  usart.o [1]
s_usart1_tx_q_send_cnt  0x20001aa4     0x2  Data  Lc  usart.o [1]
s_wait_cnt              0x20001a96     0x2  Data  Lc  main.o [1]
service_exit_menu       0x080009c1     0x8  Code  Gb  main.o [1]
service_led             0x080008cb    0x10  Code  Gb  main.o [1]
service_led_exit        0x0800092b    0x10  Code  Gb  main.o [1]
service_rtc             0x080008eb    0x10  Code  Gb  main.o [1]
service_rtc_exit        0x080009b1    0x10  Code  Gb  main.o [1]
service_rtc_start       0x0800097d    0x1e  Code  Gb  main.o [1]
service_rtc_stop        0x0800099b    0x16  Code  Gb  main.o [1]
service_step_motor      0x080008fb    0x10  Code  Gb  main.o [1]
service_step_motor_cruise_test
                        0x080014e1     0xa  Code  Gb  motor_step.o [1]
service_step_motor_exit
                        0x080014eb     0xe  Code  Gb  motor_step.o [1]
service_step_motor_start
                        0x080014c3    0x10  Code  Gb  motor_step.o [1]
service_step_motor_stop
                        0x080014d3     0xe  Code  Gb  motor_step.o [1]
service_tim2_stop       0x08000957    0x16  Code  Gb  main.o [1]
service_tim2_ticktime   0x0800093b    0x1c  Code  Gb  main.o [1]
service_timer           0x080008db    0x10  Code  Gb  main.o [1]
service_timer_exit      0x0800096d    0x10  Code  Gb  main.o [1]
service_user_led_off    0x0800091b    0x10  Code  Gb  main.o [1]
service_user_led_on     0x0800090b    0x10  Code  Gb  main.o [1]
step_motor_direction    0x080013dd    0x4c  Code  Gb  motor_step.o [1]
step_motor_enable       0x08001429    0x20  Code  Gb  motor_step.o [1]
step_motor_start        0x08001449    0x56  Code  Gb  motor_step.o [1]
step_motor_stop         0x0800149f    0x24  Code  Gb  motor_step.o [1]
strchr                  0x08000591          Code  Gb  strchr.o [4]
strlen                  0x080005c9          Code  Gb  strlen.o [4]
tim_display             0x080009c9    0x46  Code  Gb  main.o [1]
time_adjust             0x08001783    0x14  Code  Gb  rtc.o [1]
time_regulate           0x08001797    0x1a  Code  Gb  rtc.o [1]
time_show               0x08000ab9     0xc  Code  Gb  main.o [1]
timer2_event            0x080006a7    0x6e  Code  Gb  main.o [1]
usart1_dma_transfering  0x20001aa6     0x2  Data  Gb  usart.o [1]
usart1_get_data         0x08001167    0x48  Code  Gb  usart.o [1]
usart1_transmit_string  0x08001027     0xc  Code  Gb  usart.o [1]
usart1_transmit_string_format
                        0x08001033    0x20  Code  Gb  usart.o [1]
usart1_tx_proc          0x08000f4b    0x46  Code  Gb  usart.o [1]
usart_format_buff       0x20001908    0x80  Data  Lc  usart.o [1]
usart_is_ne             0x08001149    0x1e  Code  Gb  usart.o [1]
usart_transmit_byte     0x08000f31    0x1a  Code  Gb  usart.o [1]
usart_transmit_string   0x08000f91    0x96  Code  Gb  usart.o [1]
vsprintf                0x08001a49    0x2c  Code  Gb  vsprintf.o [3]
wait_10ms               0x08000661    0x16  Code  Gb  main.o [1]
wait_1ms                0x08000677    0x30  Code  Gb  main.o [1]
welcome                 0x08000765    0x22  Code  Gb  main.o [1]


[1] = D:\Mylife\GSR\ST\src\STM32F103RB_GSR_JIN_TEST\prj\EWARMv6\Debug\Obj
[2] = command line
[3] = dl7M_tln.a
[4] = rt7M_tl.a
[5] = shb_l.a

  9 264 bytes of readonly  code memory
  2 069 bytes of readonly  data memory
  7 852 bytes of readwrite data memory

Errors: none
Warnings: none
